 csgo-cheat

 Timestamp is 5ce9eff4 (Sat May 25 21:46:28 2019)

 Preferred load address is 10000000

 Start         Length     Name                   Class
 0001:00000000 000007b0H .text$di                CODE
 0001:000007b0 000397e0H .text$mn                CODE
 0001:00039f90 00001750H .text$x                 CODE
 0001:0003b6e0 0000019fH .text$yd                CODE
 0002:00000000 000001a8H .idata$5                DATA
 0002:000001a8 00000004H .00cfg                  DATA
 0002:000001ac 00000004H .CRT$XCA                DATA
 0002:000001b0 000000e8H .CRT$XCU                DATA
 0002:00000298 00000004H .CRT$XCZ                DATA
 0002:0000029c 00000004H .CRT$XIA                DATA
 0002:000002a0 00000004H .CRT$XIC                DATA
 0002:000002a4 00000004H .CRT$XIZ                DATA
 0002:000002a8 00000004H .CRT$XLA                DATA
 0002:000002ac 00000004H .CRT$XLZ                DATA
 0002:000002b0 00000004H .CRT$XPA                DATA
 0002:000002b4 00000004H .CRT$XPZ                DATA
 0002:000002b8 00000004H .CRT$XTA                DATA
 0002:000002bc 00000004H .CRT$XTZ                DATA
 0002:000002c0 00000000H .gfids$y                DATA
 0002:000002c0 00002dc8H .rdata                  DATA
 0002:00003088 00000018H .rdata$T                DATA
 0002:000030a0 00000400H .rdata$r                DATA
 0002:000034a0 000001ecH .rdata$sxdata           DATA
 0002:0000368c 0000036cH .rdata$zzzdbg           DATA
 0002:000039f8 00000004H .rtc$IAA                DATA
 0002:000039fc 00000004H .rtc$IZZ                DATA
 0002:00003a00 00000004H .rtc$TAA                DATA
 0002:00003a04 00000004H .rtc$TZZ                DATA
 0002:00003a08 00000004H .tls                    DATA
 0002:00003a0c 00000004H .tls$                   DATA
 0002:00003a10 00000008H .tls$ZZZ                DATA
 0002:00003a18 0000200cH .xdata$x                DATA
 0002:00005a24 00000000H .edata                  DATA
 0002:00005a24 00000104H .idata$2                DATA
 0002:00005b28 00000014H .idata$3                DATA
 0002:00005b3c 000001a8H .idata$4                DATA
 0002:00005ce4 0000084cH .idata$6                DATA
 0003:00000000 00000064H .data                   DATA
 0003:00000064 000001c4H .data$r                 DATA
 0003:00000228 00196734H .bss                    DATA
 0004:00000000 00000060H .rsrc$01                DATA
 0004:00000060 00000180H .rsrc$02                DATA

  Address         Publics by Value              Rva+Base       Lib:Object

 0000:00000000       ___hybrid_auxiliary_iat    00000000     <absolute>
 0000:00000000       ___enclave_config          00000000     <absolute>
 0000:00000000       ___guard_iat_table         00000000     <absolute>
 0000:00000000       ___guard_longjmp_count     00000000     <absolute>
 0000:00000000       ___volatile_metadata       00000000     <absolute>
 0000:00000000       ___dynamic_value_reloc_table 00000000     <absolute>
 0000:00000000       ___guard_fids_table        00000000     <absolute>
 0000:00000000       ___guard_iat_count         00000000     <absolute>
 0000:00000000       ___hybrid_code_map_count   00000000     <absolute>
 0000:00000000       ___guard_longjmp_table     00000000     <absolute>
 0000:00000000       ___guard_fids_count        00000000     <absolute>
 0000:00000000       ___hybrid_code_map         00000000     <absolute>
 0000:0000002c       __tls_array                0000002c     <absolute>
 0000:0000007b       ___safe_se_handler_count   0000007b     <absolute>
 0000:00000100       ___guard_flags             00000100     <absolute>
 0000:00000000       ___ImageBase               10000000     <linker-defined>
 0001:000007b0       ??2@YAPAXIPAX@Z            100017b0 f i backtacking.obj
 0001:000007c0       _cosf                      100017c0 f i backtacking.obj
 0001:000007e0       _sinf                      100017e0 f i backtacking.obj
 0001:00000800       _sqrtf                     10001800 f i backtacking.obj
 0001:00000820       ?cos@@YAMM@Z               10001820 f i backtacking.obj
 0001:00000840       ?sin@@YAMM@Z               10001840 f i backtacking.obj
 0001:00000860       ?sqrt@@YAMM@Z              10001860 f i backtacking.obj
 0001:00000880       ?_Fnv1a_append_bytes@std@@YAIIQBEI@Z 10001880 f i backtacking.obj
 0001:000008c0       ?max@?$numeric_limits@H@std@@SAHXZ 100018c0 f i backtacking.obj
 0001:000008d0       ?compare@?$char_traits@D@std@@SAHQBD0I@Z 100018d0 f i backtacking.obj
 0001:00000900       ?length@?$char_traits@D@std@@SAIQBD@Z 10001900 f i backtacking.obj
 0001:00000940       ?copy@?$char_traits@D@std@@SAPADQADQBDI@Z 10001940 f i backtacking.obj
 0001:00000960       ?move@?$char_traits@D@std@@SAPADQADQBDI@Z 10001960 f i backtacking.obj
 0001:00000980       ?assign@?$char_traits@D@std@@SAXAADABD@Z 10001980 f i backtacking.obj
 0001:00000990       ?_Orphan_all@_Container_base12@std@@QAEXXZ 10001990 f i backtacking.obj
 0001:00000990       ??1_Iterator_base12@std@@QAE@XZ 10001990 f i Aimbot.obj
 0001:00000990       ??1_Bxty@?$_String_val@U?$_Simple_types@D@std@@@std@@QAE@XZ 10001990 f i backtacking.obj
 0001:00000990       ??1?$singleton@Vchams@@@@IAE@XZ 10001990 f i Hooks.obj
 0001:00000990       ??1_Ref_count_base@std@@UAE@XZ 10001990 f i NetvarManager.obj
 0001:00000990       ?_Orphan_all@_Container_base0@std@@QAEXXZ 10001990 f i backtacking.obj
 0001:000009a0       ?_Verify_offset@?$_Vector_const_iterator@V?$_Vector_val@U?$_Simple_types@VCMessage@@@std@@@std@@@std@@QBEXH@Z 100019a0 f i Event Logs.obj
 0001:000009a0       ?_Adopt@_Iterator_base0@std@@QAEXPBX@Z 100019a0 f i backtacking.obj
 0001:000009a0       ?_Verify_offset@?$_Vector_const_iterator@V?$_Vector_val@U?$_Simple_types@Vtrace_info@@@std@@@std@@@std@@QBEXH@Z 100019a0 f i Hooks.obj
 0001:000009a0       ?_Compat@?$_Deque_const_iterator@V?$_Deque_val@U?$_Deque_simple_types@UPlayerRecords@@@std@@@std@@@std@@QBEXABV12@@Z 100019a0 f i LagComp.obj
 0001:000009a0       ?_Verify_offset@?$_String_const_iterator@V?$_String_val@U?$_Simple_types@D@std@@@std@@@std@@QBEXH@Z 100019a0 f i ESP.obj
 0001:000009a0       ?_Verify_offset@?$_Deque_const_iterator@V?$_Deque_val@U?$_Deque_simple_types@UPlayerRecords@@@std@@@std@@@std@@QBEXH@Z 100019a0 f i LagComp.obj
 0001:000009a0       ?Resolve@Resolver@@QAEXW4ClientFrameStage_t@@@Z 100019a0 f i Resolver.obj
 0001:000009a0       ?_Compat@?$_String_const_iterator@V?$_String_val@U?$_Simple_types@D@std@@@std@@@std@@QBEXABV12@@Z 100019a0 f i Hooks.obj
 0001:000009a0       ?_Compat@?$_Vector_const_iterator@V?$_Vector_val@U?$_Simple_types@PAVDot@@@std@@@std@@@std@@QBEXABV12@@Z 100019a0 f i dots.obj
 0001:000009b0       ?_Getcont@_Iterator_base0@std@@QBEPBU_Container_base0@2@XZ 100019b0 f i backtacking.obj
 0001:000009b0       ?GetTraceType@C_TraceFilter@@UBE?AW4TraceType_t@@XZ 100019b0 f i Autowall.obj
 0001:000009c0       ??0?$_List_val@U?$_List_simple_types@U?$pair@$$CBV?$basic_string@DU?$char_traits@D@std@@V?$allocator@D@2@@std@@V?$shared_ptr@UNode@NetvarTree@@@2@@std@@@std@@@std@@QAE@XZ 100019c0 f i NetvarManager.obj
 0001:000009c0       ??0_Iterator_base12@std@@QAE@XZ 100019c0 f i Aimbot.obj
 0001:000009c0       ??0_Container_proxy@std@@QAE@XZ 100019c0 f i backtacking.obj
 0001:000009c0       ??0?$_Ptr_base@UNode@NetvarTree@@@std@@IAE@XZ 100019c0 f i backtacking.obj
 0001:000009f0       ??0_Container_base12@std@@QAE@XZ 100019f0 f i backtacking.obj
 0001:000009f0       ??0?$_List_unchecked_const_iterator@V?$_List_val@U?$_List_simple_types@U?$pair@$$CBV?$basic_string@DU?$char_traits@D@std@@V?$allocator@D@2@@std@@V?$shared_ptr@UNode@NetvarTree@@@2@@std@@@std@@@std@@U_Iterator_base0@2@@std@@QAE@XZ 100019f0 f i backtacking.obj
 0001:00000a10       ??$addressof@V?$_Deque_val@U?$_Deque_simple_types@UPlayerRecords@@@std@@@std@@@std@@YAPAV?$_Deque_val@U?$_Deque_simple_types@UPlayerRecords@@@std@@@0@AAV10@@Z 10001a10 f i Aimbot.obj
 0001:00000a10       ??$forward@_N@std@@YA$$QA_NAA_N@Z 10001a10 f i backtacking.obj
 0001:00000a10       ??$forward@M@std@@YA$$QAMAAM@Z 10001a10 f i NetvarManager.obj
 0001:00000a10       ??$_Get_unwrapped@V?$_List_unchecked_iterator@V?$_List_val@U?$_List_simple_types@U?$pair@$$CBV?$basic_string@DU?$char_traits@D@std@@V?$allocator@D@2@@std@@V?$shared_ptr@UNode@NetvarTree@@@2@@std@@@std@@@std@@@std@@@std@@YAPAV?$_List_unchecked_iterator@V?$_List_val@U?$_List_simple_types@U?$pair@$$CBV?$basic_string@DU?$char_traits@D@std@@V?$allocator@D@2@@std@@V?$shared_ptr@UNode@NetvarTree@@@2@@std@@@std@@@std@@@0@QAV10@@Z 10001a10 f i backtacking.obj
 0001:00000a10       ??$_Get_unwrapped@H@std@@YAPAHQAH@Z 10001a10 f i Aimbot.obj
 0001:00000a10       ??$forward@$$QAV?$basic_string@DU?$char_traits@D@std@@V?$allocator@D@2@@std@@@std@@YA$$QAV?$basic_string@DU?$char_traits@D@std@@V?$allocator@D@2@@0@AAV10@@Z 10001a10 f i backtacking.obj
 0001:00000a10       ??$addressof@V?$_Vector_val@U?$_Simple_types@VCMessage@@@std@@@std@@@std@@YAPAV?$_Vector_val@U?$_Simple_types@VCMessage@@@std@@@0@AAV10@@Z 10001a10 f i Event Logs.obj
 0001:00000a10       ??$forward@V?$allocator@D@std@@@std@@YA$$QAV?$allocator@D@0@AAV10@@Z 10001a10 f i backtacking.obj
 0001:00000a10       ??$forward@ABQAD@std@@YAABQADABQAD@Z 10001a10 f i backtacking.obj
 0001:00000a10       ??$forward@ABV?$_List_unchecked_iterator@V?$_List_val@U?$_List_simple_types@U?$pair@$$CBV?$basic_string@DU?$char_traits@D@std@@V?$allocator@D@2@@std@@V?$shared_ptr@UNode@NetvarTree@@@2@@std@@@std@@@std@@@std@@@std@@YAABV?$_List_unchecked_iterator@V?$_List_val@U?$_List_simple_types@U?$pair@$$CBV?$basic_string@DU?$char_traits@D@std@@V?$allocator@D@2@@std@@V?$shared_ptr@UNode@NetvarTree@@@2@@std@@@std@@@std@@@0@ABV10@@Z 10001a10 f i backtacking.obj
 0001:00000a10       ??$_Unfancy@V?$basic_string@DU?$char_traits@D@std@@V?$allocator@D@2@@std@@@std@@YAPAV?$basic_string@DU?$char_traits@D@std@@V?$allocator@D@2@@0@PAV10@@Z 10001a10 f i Menu.obj
 0001:00000a10       ??$_Get_unwrapped@D@std@@YAPADQAD@Z 10001a10 f i chams.obj
 0001:00000a10       ??$forward@AAPAVCModelRender@@@std@@YAAAPAVCModelRender@@AAPAV1@@Z 10001a10 f i Hooks.obj
 0001:00000a10       ??$forward@AAPAVIPanel@@@std@@YAAAPAVIPanel@@AAPAV1@@Z 10001a10 f i Hooks.obj
 0001:00000a10       ??$forward@AAPAVNetvarTree@@@std@@YAAAPAVNetvarTree@@AAPAV1@@Z 10001a10 f i Hooks.obj
 0001:00000a10       ??$addressof@V?$basic_string@DU?$char_traits@D@std@@V?$allocator@D@2@@std@@@std@@YAPAV?$basic_string@DU?$char_traits@D@std@@V?$allocator@D@2@@0@AAV10@@Z 10001a10 f i Event Logs.obj
 0001:00000a10       ??$forward@ABV?$allocator@PBD@std@@@std@@YAABV?$allocator@PBD@0@ABV10@@Z 10001a10 f i Hooks.obj
 0001:00000a10       ??$forward@Vtrace_info@@@std@@YA$$QAVtrace_info@@AAV1@@Z 10001a10 f i Hooks.obj
 0001:00000a10       ??$move@AAPAV?$ConfigValue@H@@@std@@YA$$QAPAV?$ConfigValue@H@@AAPAV1@@Z 10001a10 f i cfgsaving.obj
 0001:00000a10       ??$forward@PAV?$ConfigValue@H@@@std@@YA$$QAPAV?$ConfigValue@H@@AAPAV1@@Z 10001a10 f i cfgsaving.obj
 0001:00000a10       ??$_Unfancy@PAV?$ConfigValue@M@@@std@@YAPAPAV?$ConfigValue@M@@PAPAV1@@Z 10001a10 f i cfgsaving.obj
 0001:00000a10       ??$forward@AAPAVVMTHook@@@std@@YAAAPAVVMTHook@@AAPAV1@@Z 10001a10 f i Hooks.obj
 0001:00000a10       ??$forward@ABV?$allocator@V?$basic_string@DU?$char_traits@D@std@@V?$allocator@D@2@@std@@@std@@@std@@YAABV?$allocator@V?$basic_string@DU?$char_traits@D@std@@V?$allocator@D@2@@std@@@0@ABV10@@Z 10001a10 f i Menu.obj
 0001:00000a10       ??$move@AAPAVDot@@@std@@YA$$QAPAVDot@@AAPAV1@@Z 10001a10 f i dots.obj
 0001:00000a10       ??$_Get_size_of_n@$00@std@@YAII@Z 10001a10 f i backtacking.obj
 0001:00000a10       ??$forward@VCMessage@@@std@@YA$$QAVCMessage@@AAV1@@Z 10001a10 f i Event Logs.obj
 0001:00000a10       ??$forward@Ulc_record@@@std@@YA$$QAUlc_record@@AAU1@@Z 10001a10 f i backtacking.obj
 0001:00000a10       ??$move@AAH@std@@YA$$QAHAAH@Z 10001a10 f i Aimbot.obj
 0001:00000a10       ??$addressof@V?$_Vector_val@U?$_Simple_types@PAVDot@@@std@@@std@@@std@@YAPAV?$_Vector_val@U?$_Simple_types@PAVDot@@@std@@@0@AAV10@@Z 10001a10 f i dots.obj
 0001:00000a10       ??$forward@PAVDot@@@std@@YA$$QAPAVDot@@AAPAV1@@Z 10001a10 f i dots.obj
 0001:00000a10       ??$forward@AAPAU?$_List_node@U?$pair@$$CBV?$basic_string@DU?$char_traits@D@std@@V?$allocator@D@2@@std@@V?$shared_ptr@UNode@NetvarTree@@@2@@std@@PAX@std@@@std@@YAAAPAU?$_List_node@U?$pair@$$CBV?$basic_string@DU?$char_traits@D@std@@V?$allocator@D@2@@std@@V?$shared_ptr@UNode@NetvarTree@@@2@@std@@PAX@0@AAPAU10@@Z 10001a10 f i backtacking.obj
 0001:00000a10       ??$_Kfn@$$CBV?$basic_string@DU?$char_traits@D@std@@V?$allocator@D@2@@std@@V?$shared_ptr@UNode@NetvarTree@@@2@@?$_Umap_traits@V?$basic_string@DU?$char_traits@D@std@@V?$allocator@D@2@@std@@V?$shared_ptr@UNode@NetvarTree@@@2@V?$_Uhash_compare@V?$basic_string@DU?$char_traits@D@std@@V?$allocator@D@2@@std@@U?$hash@V?$basic_string@DU?$char_traits@D@std@@V?$allocator@D@2@@std@@@2@U?$equal_to@V?$basic_string@DU?$char_traits@D@std@@V?$allocator@D@2@@std@@@2@@2@V?$allocator@U?$pair@$$CBV?$basic_string@DU?$char_traits@D@std@@V?$allocator@D@2@@std@@V?$shared_ptr@UNode@NetvarTree@@@2@@std@@@2@$0A@@std@@SAABV?$basic_string@DU?$char_traits@D@std@@V?$allocator@D@2@@1@ABU?$pair@$$CBV?$basic_string@DU?$char_traits@D@std@@V?$allocator@D@2@@std@@V?$shared_ptr@UNode@NetvarTree@@@2@@1@@Z 10001a10 f i backtacking.obj
 0001:00000a10       ??$forward@AAPAVIClientMode@@@std@@YAAAPAVIClientMode@@AAPAV1@@Z 10001a10 f i Hooks.obj
 0001:00000a10       ??$addressof@V?$unique_ptr@VVMTHook@@U?$default_delete@VVMTHook@@@std@@@std@@@std@@YAPAV?$unique_ptr@VVMTHook@@U?$default_delete@VVMTHook@@@std@@@0@AAV10@@Z 10001a10 f i Hooks.obj
 0001:00000a10       ??$_Unfancy@PAV?$ConfigValue@H@@@std@@YAPAPAV?$ConfigValue@H@@PAPAV1@@Z 10001a10 f i cfgsaving.obj
 0001:00000a10       ??$_Const_cast@QAVDot@@@std@@YAPAPAVDot@@PBQAV1@@Z 10001a10 f i dots.obj
 0001:00000a10       ??$move@AAVtrace_info@@@std@@YA$$QAVtrace_info@@AAV1@@Z 10001a10 f i Hooks.obj
 0001:00000a10       ??$addressof@V?$_List_val@U?$_List_simple_types@U?$pair@$$CBV?$basic_string@DU?$char_traits@D@std@@V?$allocator@D@2@@std@@V?$shared_ptr@UNode@NetvarTree@@@2@@std@@@std@@@std@@@std@@YAPAV?$_List_val@U?$_List_simple_types@U?$pair@$$CBV?$basic_string@DU?$char_traits@D@std@@V?$allocator@D@2@@std@@V?$shared_ptr@UNode@NetvarTree@@@2@@std@@@std@@@0@AAV10@@Z 10001a10 f i backtacking.obj
 0001:00000a10       ??$_Unfancy@Vtrace_info@@@std@@YAPAVtrace_info@@PAV1@@Z 10001a10 f i Hooks.obj
 0001:00000a10       ??$move@AAV?$shared_ptr@UNode@NetvarTree@@@std@@@std@@YA$$QAV?$shared_ptr@UNode@NetvarTree@@@0@AAV10@@Z 10001a10 f i NetvarManager.obj
 0001:00000a10       ??$forward@AAPAVISurface@@@std@@YAAAPAVISurface@@AAPAV1@@Z 10001a10 f i Hooks.obj
 0001:00000a10       ??$_Get_unwrapped@V?$basic_string@DU?$char_traits@D@std@@V?$allocator@D@2@@std@@@std@@YAPAV?$basic_string@DU?$char_traits@D@std@@V?$allocator@D@2@@0@QAV10@@Z 10001a10 f i ESP.obj
 0001:00000a10       ??$_Get_unwrapped@PAUlc_record@@@std@@YAPAPAUlc_record@@QAPAU1@@Z 10001a10 f i backtacking.obj
 0001:00000a10       ??$_Get_unwrapped@PAV?$ConfigValue@H@@@std@@YAPAPAV?$ConfigValue@H@@QAPAV1@@Z 10001a10 f i cfgsaving.obj
 0001:00000a10       ??$move@AAV?$tuple@$$QAV?$basic_string@DU?$char_traits@D@std@@V?$allocator@D@2@@std@@@std@@@std@@YA$$QAV?$tuple@$$QAV?$basic_string@DU?$char_traits@D@std@@V?$allocator@D@2@@std@@@0@AAV10@@Z 10001a10 f i backtacking.obj
 0001:00000a10       ??$move@AAUlc_record@@@std@@YA$$QAUlc_record@@AAU1@@Z 10001a10 f i backtacking.obj
 0001:00000a10       ??$_Unfancy@V?$_List_unchecked_iterator@V?$_List_val@U?$_List_simple_types@U?$pair@$$CBV?$basic_string@DU?$char_traits@D@std@@V?$allocator@D@2@@std@@V?$shared_ptr@UNode@NetvarTree@@@2@@std@@@std@@@std@@@std@@@std@@YAPAV?$_List_unchecked_iterator@V?$_List_val@U?$_List_simple_types@U?$pair@$$CBV?$basic_string@DU?$char_traits@D@std@@V?$allocator@D@2@@std@@V?$shared_ptr@UNode@NetvarTree@@@2@@std@@@std@@@std@@@0@PAV10@@Z 10001a10 f i backtacking.obj
 0001:00000a10       ??$forward@ABV?$allocator@V?$_List_unchecked_iterator@V?$_List_val@U?$_List_simple_types@U?$pair@$$CBV?$basic_string@DU?$char_traits@D@std@@V?$allocator@D@2@@std@@V?$shared_ptr@UNode@NetvarTree@@@2@@std@@@std@@@std@@@std@@@std@@@std@@YAABV?$allocator@V?$_List_unchecked_iterator@V?$_List_val@U?$_List_simple_types@U?$pair@$$CBV?$basic_string@DU?$char_traits@D@std@@V?$allocator@D@2@@std@@V?$shared_ptr@UNode@NetvarTree@@@2@@std@@@std@@@std@@@std@@@0@ABV10@@Z 10001a10 f i NetvarManager.obj
 0001:00000a10       ??$_Get_unwrapped@QBD@std@@YAPBQBDQBQBD@Z 10001a10 f i Hooks.obj
 0001:00000a10       ?select_on_container_copy_construction@?$_Default_allocator_traits@V?$allocator@D@std@@@std@@SA?AV?$allocator@D@2@ABV32@@Z 10001a10 f i Event Logs.obj
 0001:00000a10       ??$move@AAV?$_List_unchecked_iterator@V?$_List_val@U?$_List_simple_types@U?$pair@$$CBV?$basic_string@DU?$char_traits@D@std@@V?$allocator@D@2@@std@@V?$shared_ptr@UNode@NetvarTree@@@2@@std@@@std@@@std@@@std@@@std@@YA$$QAV?$_List_unchecked_iterator@V?$_List_val@U?$_List_simple_types@U?$pair@$$CBV?$basic_string@DU?$char_traits@D@std@@V?$allocator@D@2@@std@@V?$shared_ptr@UNode@NetvarTree@@@2@@std@@@std@@@std@@@0@AAV10@@Z 10001a10 f i backtacking.obj
 0001:00000a10       ??$_Get_unwrapped_n@PAV?$ConfigValue@M@@H$0A@@std@@YAPAPAV?$ConfigValue@M@@QAPAV1@H@Z 10001a10 f i cfgsaving.obj
 0001:00000a10       ??$addressof@V?$unique_ptr@VNetvarTree@@U?$default_delete@VNetvarTree@@@std@@@std@@@std@@YAPAV?$unique_ptr@VNetvarTree@@U?$default_delete@VNetvarTree@@@std@@@0@AAV10@@Z 10001a10 f i Hooks.obj
 0001:00000a10       ??$_Get_unwrapped_n@Vtrace_info@@H$0A@@std@@YAPAVtrace_info@@QAV1@H@Z 10001a10 f i Hooks.obj
 0001:00000a10       ??$_Get_unwrapped@PAV?$ConfigValue@_N@@@std@@YAPAPAV?$ConfigValue@_N@@QAPAV1@@Z 10001a10 f i cfgsaving.obj
 0001:00000a10       ??$_Get_unwrapped_n@PAUlc_record@@H$0A@@std@@YAPAPAUlc_record@@QAPAU1@H@Z 10001a10 f i backtacking.obj
 0001:00000a10       ??$forward@PAV?$ConfigValue@M@@@std@@YA$$QAPAV?$ConfigValue@M@@AAPAV1@@Z 10001a10 f i cfgsaving.obj
 0001:00000a10       ??$_Get_unwrapped_n@HH$0A@@std@@YAPAHQAHH@Z 10001a10 f i Aimbot.obj
 0001:00000a10       ??$addressof@$$CBV?$_List_val@U?$_List_simple_types@U?$pair@$$CBV?$basic_string@DU?$char_traits@D@std@@V?$allocator@D@2@@std@@V?$shared_ptr@UNode@NetvarTree@@@2@@std@@@std@@@std@@@std@@YAPBV?$_List_val@U?$_List_simple_types@U?$pair@$$CBV?$basic_string@DU?$char_traits@D@std@@V?$allocator@D@2@@std@@V?$shared_ptr@UNode@NetvarTree@@@2@@std@@@std@@@0@ABV10@@Z 10001a10 f i backtacking.obj
 0001:00000a10       ??$_Get_unwrapped_n@PAVDot@@H$0A@@std@@YAPAPAVDot@@QAPAV1@H@Z 10001a10 f i dots.obj
 0001:00000a10       ??$move@AAV?$basic_string@DU?$char_traits@D@std@@V?$allocator@D@2@@std@@@std@@YA$$QAV?$basic_string@DU?$char_traits@D@std@@V?$allocator@D@2@@0@AAV10@@Z 10001a10 f i backtacking.obj
 0001:00000a10       ??$forward@PBD@std@@YA$$QAPBDAAPBD@Z 10001a10 f i NetvarManager.obj
 0001:00000a10       ??$move@AAU?$default_delete@$$BY0A@I@std@@@std@@YA$$QAU?$default_delete@$$BY0A@I@0@AAU10@@Z 10001a10 f i Hooks.obj
 0001:00000a10       ??$_Unfancy@VCMessage@@@std@@YAPAVCMessage@@PAV1@@Z 10001a10 f i Event Logs.obj
 0001:00000a10       ??$_Unfancy@D@std@@YAPADPAD@Z 10001a10 f i backtacking.obj
 0001:00000a10       ??$forward@ABV?$basic_string@DU?$char_traits@D@std@@V?$allocator@D@2@@std@@@std@@YAABV?$basic_string@DU?$char_traits@D@std@@V?$allocator@D@2@@0@ABV10@@Z 10001a10 f i Menu.obj
 0001:00000a10       ??$forward@V?$tuple@$$QAV?$basic_string@DU?$char_traits@D@std@@V?$allocator@D@2@@std@@@std@@@std@@YA$$QAV?$tuple@$$QAV?$basic_string@DU?$char_traits@D@std@@V?$allocator@D@2@@std@@@0@AAV10@@Z 10001a10 f i backtacking.obj
 0001:00000a10       ??$forward@AAPAVShadowVTManager@@@std@@YAAAPAVShadowVTManager@@AAPAV1@@Z 10001a10 f i Hooks.obj
 0001:00000a10       ??$_Unfancy@U_Container_proxy@std@@@std@@YAPAU_Container_proxy@0@PAU10@@Z 10001a10 f i backtacking.obj
 0001:00000a10       ??$forward@AAU?$pair@$$CBV?$basic_string@DU?$char_traits@D@std@@V?$allocator@D@2@@std@@V?$shared_ptr@UNode@NetvarTree@@@2@@std@@@std@@YAAAU?$pair@$$CBV?$basic_string@DU?$char_traits@D@std@@V?$allocator@D@2@@std@@V?$shared_ptr@UNode@NetvarTree@@@2@@0@AAU10@@Z 10001a10 f i backtacking.obj
 0001:00000a10       ??$_Get_unwrapped@Vtrace_info@@@std@@YAPAVtrace_info@@QAV1@@Z 10001a10 f i Hooks.obj
 0001:00000a10       ??$forward@V?$tuple@$$V@std@@@std@@YA$$QAV?$tuple@$$V@0@AAV10@@Z 10001a10 f i backtacking.obj
 0001:00000a10       ??$forward@U?$default_delete@VVMTHook@@@std@@@std@@YA$$QAU?$default_delete@VVMTHook@@@0@AAU10@@Z 10001a10 f i Hooks.obj
 0001:00000a10       ??$forward@ABUPlayerRecords@@@std@@YAABUPlayerRecords@@ABU1@@Z 10001a10 f i LagComp.obj
 0001:00000a10       ??$forward@U_Container_proxy@std@@@std@@YA$$QAU_Container_proxy@0@AAU10@@Z 10001a10 f i backtacking.obj
 0001:00000a10       ??$forward@AAPAVIVRenderView@@@std@@YAAAPAVIVRenderView@@AAPAV1@@Z 10001a10 f i Hooks.obj
 0001:00000a10       ??$forward@ABUpiecewise_construct_t@std@@@std@@YAABUpiecewise_construct_t@0@ABU10@@Z 10001a10 f i backtacking.obj
 0001:00000a10       ??$_Unfancy@Ulc_record@@@std@@YAPAUlc_record@@PAU1@@Z 10001a10 f i backtacking.obj
 0001:00000a10       ??$_Get_unwrapped_n@V?$_List_unchecked_iterator@V?$_List_val@U?$_List_simple_types@U?$pair@$$CBV?$basic_string@DU?$char_traits@D@std@@V?$allocator@D@2@@std@@V?$shared_ptr@UNode@NetvarTree@@@2@@std@@@std@@@std@@@std@@H$0A@@std@@YAPAV?$_List_unchecked_iterator@V?$_List_val@U?$_List_simple_types@U?$pair@$$CBV?$basic_string@DU?$char_traits@D@std@@V?$allocator@D@2@@std@@V?$shared_ptr@UNode@NetvarTree@@@2@@std@@@std@@@std@@@0@QAV10@H@Z 10001a10 f i backtacking.obj
 0001:00000a10       ??$_Get_unwrapped@VCMessage@@@std@@YAPAVCMessage@@QAV1@@Z 10001a10 f i Event Logs.obj
 0001:00000a10       ??$_Get_unwrapped@PAV?$ConfigValue@M@@@std@@YAPAPAV?$ConfigValue@M@@QAPAV1@@Z 10001a10 f i cfgsaving.obj
 0001:00000a10       ??$_Get_unwrapped_n@PAUPlayerRecords@@H$0A@@std@@YAPAPAUPlayerRecords@@QAPAU1@H@Z 10001a10 f i LagComp.obj
 0001:00000a10       ??$forward@ABV?$allocator@D@std@@@std@@YAABV?$allocator@D@0@ABV10@@Z 10001a10 f i chams.obj
 0001:00000a10       ??$forward@V?$_List_iterator@V?$_List_val@U?$_List_simple_types@U?$pair@$$CBV?$basic_string@DU?$char_traits@D@std@@V?$allocator@D@2@@std@@V?$shared_ptr@UNode@NetvarTree@@@2@@std@@@std@@@std@@@std@@@std@@YA$$QAV?$_List_iterator@V?$_List_val@U?$_List_simple_types@U?$pair@$$CBV?$basic_string@DU?$char_traits@D@std@@V?$allocator@D@2@@std@@V?$shared_ptr@UNode@NetvarTree@@@2@@std@@@std@@@std@@@0@AAV10@@Z 10001a10 f i backtacking.obj
 0001:00000a10       ??$forward@PAV?$ConfigValue@_N@@@std@@YA$$QAPAV?$ConfigValue@_N@@AAPAV1@@Z 10001a10 f i cfgsaving.obj
 0001:00000a10       ??$addressof@U?$pair@$$CBV?$basic_string@DU?$char_traits@D@std@@V?$allocator@D@2@@std@@V?$shared_ptr@UNode@NetvarTree@@@2@@std@@@std@@YAPAU?$pair@$$CBV?$basic_string@DU?$char_traits@D@std@@V?$allocator@D@2@@std@@V?$shared_ptr@UNode@NetvarTree@@@2@@0@AAU10@@Z 10001a10 f i backtacking.obj
 0001:00000a10       ??$_Get_unwrapped@$$CBV?$basic_string@DU?$char_traits@D@std@@V?$allocator@D@2@@std@@@std@@YAPBV?$basic_string@DU?$char_traits@D@std@@V?$allocator@D@2@@0@QBV10@@Z 10001a10 f i Menu.obj
 0001:00000a10       ??$_Get_unwrapped_n@PAV?$ConfigValue@_N@@H$0A@@std@@YAPAPAV?$ConfigValue@_N@@QAPAV1@H@Z 10001a10 f i cfgsaving.obj
 0001:00000a10       ??$forward@AAPAI@std@@YAAAPAIAAPAI@Z 10001a10 f i Hooks.obj
 0001:00000a10       ??$addressof@$$CBV?$_Deque_val@U?$_Deque_simple_types@UPlayerRecords@@@std@@@std@@@std@@YAPBV?$_Deque_val@U?$_Deque_simple_types@UPlayerRecords@@@std@@@0@ABV10@@Z 10001a10 f i LagComp.obj
 0001:00000a10       ??$addressof@PAU?$_List_node@U?$pair@$$CBV?$basic_string@DU?$char_traits@D@std@@V?$allocator@D@2@@std@@V?$shared_ptr@UNode@NetvarTree@@@2@@std@@PAX@std@@@std@@YAPAPAU?$_List_node@U?$pair@$$CBV?$basic_string@DU?$char_traits@D@std@@V?$allocator@D@2@@std@@V?$shared_ptr@UNode@NetvarTree@@@2@@std@@PAX@0@AAPAU10@@Z 10001a10 f i backtacking.obj
 0001:00000a10       ??$_Get_unwrapped_n@VCMessage@@H$0A@@std@@YAPAVCMessage@@QAV1@H@Z 10001a10 f i Event Logs.obj
 0001:00000a10       ??$_Unfancy@UPlayerRecords@@@std@@YAPAUPlayerRecords@@PAU1@@Z 10001a10 f i LagComp.obj
 0001:00000a10       ??$forward@AAV?$_List_iterator@V?$_List_val@U?$_List_simple_types@U?$pair@$$CBV?$basic_string@DU?$char_traits@D@std@@V?$allocator@D@2@@std@@V?$shared_ptr@UNode@NetvarTree@@@2@@std@@@std@@@std@@@std@@@std@@YAAAV?$_List_iterator@V?$_List_val@U?$_List_simple_types@U?$pair@$$CBV?$basic_string@DU?$char_traits@D@std@@V?$allocator@D@2@@std@@V?$shared_ptr@UNode@NetvarTree@@@2@@std@@@std@@@std@@@0@AAV10@@Z 10001a10 f i backtacking.obj
 0001:00000a10       ??$_Convert_size@I@std@@YAII@Z 10001a10 f i backtacking.obj
 0001:00000a10       ??$_Refancy@PAD$0A@@std@@YAPADPAD@Z 10001a10 f i Hooks.obj
 0001:00000a10       ??$addressof@$$CBV?$basic_string@DU?$char_traits@D@std@@V?$allocator@D@2@@std@@@std@@YAPBV?$basic_string@DU?$char_traits@D@std@@V?$allocator@D@2@@0@ABV10@@Z 10001a10 f i Event Logs.obj
 0001:00000a10       ??$_Get_unwrapped_n@V?$basic_string@DU?$char_traits@D@std@@V?$allocator@D@2@@std@@H$0A@@std@@YAPAV?$basic_string@DU?$char_traits@D@std@@V?$allocator@D@2@@0@QAV10@H@Z 10001a10 f i Menu.obj
 0001:00000a10       ??$_Get_unwrapped@PAVDot@@@std@@YAPAPAVDot@@QAPAV1@@Z 10001a10 f i dots.obj
 0001:00000a10       ??$forward@AAU?$hash@V?$basic_string@DU?$char_traits@D@std@@V?$allocator@D@2@@std@@@std@@@std@@YAAAU?$hash@V?$basic_string@DU?$char_traits@D@std@@V?$allocator@D@2@@std@@@0@AAU10@@Z 10001a10 f i NetvarManager.obj
 0001:00000a10       ??$forward@U_One_then_variadic_args_t@std@@@std@@YA$$QAU_One_then_variadic_args_t@0@AAU10@@Z 10001a10 f i NetvarManager.obj
 0001:00000a10       ??$_Unfancy@PAV?$ConfigValue@_N@@@std@@YAPAPAV?$ConfigValue@_N@@PAPAV1@@Z 10001a10 f i cfgsaving.obj
 0001:00000a10       ??$addressof@V?$unique_ptr@$$BY0A@IU?$default_delete@$$BY0A@I@std@@@std@@@std@@YAPAV?$unique_ptr@$$BY0A@IU?$default_delete@$$BY0A@I@std@@@0@AAV10@@Z 10001a10 f i Hooks.obj
 0001:00000a10       ??$_Const_cast@$$CBD@std@@YAPADPBD@Z 10001a10 f i ESP.obj
 0001:00000a10       ??$move@AAUPlayerRecords@@@std@@YA$$QAUPlayerRecords@@AAU1@@Z 10001a10 f i LagComp.obj
 0001:00000a10       ??$forward@U?$default_delete@VNetvarTree@@@std@@@std@@YA$$QAU?$default_delete@VNetvarTree@@@0@AAU10@@Z 10001a10 f i Hooks.obj
 0001:00000a10       ??$_Get_unwrapped@PAUPlayerRecords@@@std@@YAPAPAUPlayerRecords@@QAPAU1@@Z 10001a10 f i LagComp.obj
 0001:00000a10       ??$forward@AAPAVIBaseClientDLL@@@std@@YAAAPAVIBaseClientDLL@@AAPAV1@@Z 10001a10 f i Hooks.obj
 0001:00000a10       ??$_Get_unwrapped_n@PBDH$0A@@std@@YAPAPBDQAPBDH@Z 10001a10 f i Hooks.obj
 0001:00000a10       ??$move@AAV?$allocator@D@std@@@std@@YA$$QAV?$allocator@D@0@AAV10@@Z 10001a10 f i backtacking.obj
 0001:00000a10       ??$forward@H@std@@YA$$QAHAAH@Z 10001a10 f i Aimbot.obj
 0001:00000a10       ??$forward@ABV?$shared_ptr@UNode@NetvarTree@@@std@@@std@@YAABV?$shared_ptr@UNode@NetvarTree@@@0@ABV10@@Z 10001a10 f i NetvarManager.obj
 0001:00000a10       ??$addressof@PAUPlayerRecords@@@std@@YAPAPAUPlayerRecords@@AAPAU1@@Z 10001a10 f i LagComp.obj
 0001:00000a10       ??$move@AAPAV?$ConfigValue@M@@@std@@YA$$QAPAV?$ConfigValue@M@@AAPAV1@@Z 10001a10 f i cfgsaving.obj
 0001:00000a10       ??$addressof@PAUlc_record@@@std@@YAPAPAUlc_record@@AAPAU1@@Z 10001a10 f i backtacking.obj
 0001:00000a10       ??$forward@ABV?$allocator@U?$pair@$$CBV?$basic_string@DU?$char_traits@D@std@@V?$allocator@D@2@@std@@V?$shared_ptr@UNode@NetvarTree@@@2@@std@@@std@@@std@@YAABV?$allocator@U?$pair@$$CBV?$basic_string@DU?$char_traits@D@std@@V?$allocator@D@2@@std@@V?$shared_ptr@UNode@NetvarTree@@@2@@std@@@0@ABV10@@Z 10001a10 f i NetvarManager.obj
 0001:00000a10       ??$_Get_unwrapped_n@PAV?$ConfigValue@H@@H$0A@@std@@YAPAPAV?$ConfigValue@H@@QAPAV1@H@Z 10001a10 f i cfgsaving.obj
 0001:00000a10       ??$addressof@V?$_String_val@U?$_Simple_types@D@std@@@std@@@std@@YAPAV?$_String_val@U?$_Simple_types@D@std@@@0@AAV10@@Z 10001a10 f i backtacking.obj
 0001:00000a10       ??$move@AAPAV?$ConfigValue@_N@@@std@@YA$$QAPAV?$ConfigValue@_N@@AAPAV1@@Z 10001a10 f i cfgsaving.obj
 0001:00000a10       ??$forward@V?$_List_unchecked_iterator@V?$_List_val@U?$_List_simple_types@U?$pair@$$CBV?$basic_string@DU?$char_traits@D@std@@V?$allocator@D@2@@std@@V?$shared_ptr@UNode@NetvarTree@@@2@@std@@@std@@@std@@@std@@@std@@YA$$QAV?$_List_unchecked_iterator@V?$_List_val@U?$_List_simple_types@U?$pair@$$CBV?$basic_string@DU?$char_traits@D@std@@V?$allocator@D@2@@std@@V?$shared_ptr@UNode@NetvarTree@@@2@@std@@@std@@@std@@@0@AAV10@@Z 10001a10 f i backtacking.obj
 0001:00000a10       ??$move@AAVCMessage@@@std@@YA$$QAVCMessage@@AAV1@@Z 10001a10 f i Event Logs.obj
 0001:00000a10       ??$addressof@V?$_Vector_val@U?$_Simple_types@Vtrace_info@@@std@@@std@@@std@@YAPAV?$_Vector_val@U?$_Simple_types@Vtrace_info@@@std@@@0@AAV10@@Z 10001a10 f i Hooks.obj
 0001:00000a10       ??$_Unfancy@H@std@@YAPAHPAH@Z 10001a10 f i Aimbot.obj
 0001:00000a10       ??$forward@AAU?$equal_to@V?$basic_string@DU?$char_traits@D@std@@V?$allocator@D@2@@std@@@std@@@std@@YAAAU?$equal_to@V?$basic_string@DU?$char_traits@D@std@@V?$allocator@D@2@@std@@@0@AAU10@@Z 10001a10 f i NetvarManager.obj
 0001:00000a10       ??$addressof@PAD@std@@YAPAPADAAPAD@Z 10001a10 f i backtacking.obj
 0001:00000a10       ??$addressof@V?$_Deque_val@U?$_Deque_simple_types@Ulc_record@@@std@@@std@@@std@@YAPAV?$_Deque_val@U?$_Deque_simple_types@Ulc_record@@@std@@@0@AAV10@@Z 10001a10 f i backtacking.obj
 0001:00000a10       ??$forward@V?$basic_string@DU?$char_traits@D@std@@V?$allocator@D@2@@std@@@std@@YA$$QAV?$basic_string@DU?$char_traits@D@std@@V?$allocator@D@2@@0@AAV10@@Z 10001a10 f i backtacking.obj
 0001:00000a10       ??$_Unfancy@PAVDot@@@std@@YAPAPAVDot@@PAPAV1@@Z 10001a10 f i dots.obj
 0001:00000a20       ?_Allocate@_Default_allocate_traits@std@@SAPAXI@Z 10001a20 f i backtacking.obj
 0001:00000a40       ?_Adjust_manually_vector_aligned@std@@YAXAAPAXAAI@Z 10001a40 f i backtacking.obj
 0001:00000ab0       ?_Decref@_Ref_count_base@std@@QAEXXZ 10001ab0 f i backtacking.obj
 0001:00000ae0       ?_Decwref@_Ref_count_base@std@@QAEXXZ 10001ae0 f i backtacking.obj
 0001:00000b10       ?_Get_second@?$_Compressed_pair@V?$allocator@V?$_List_unchecked_iterator@V?$_List_val@U?$_List_simple_types@U?$pair@$$CBV?$basic_string@DU?$char_traits@D@std@@V?$allocator@D@2@@std@@V?$shared_ptr@UNode@NetvarTree@@@2@@std@@@std@@@std@@@std@@@std@@V?$_Vector_val@U?$_Simple_types@V?$_List_unchecked_iterator@V?$_List_val@U?$_List_simple_types@U?$pair@$$CBV?$basic_string@DU?$char_traits@D@std@@V?$allocator@D@2@@std@@V?$shared_ptr@UNode@NetvarTree@@@2@@std@@@std@@@std@@@std@@@std@@@2@$00@std@@QAEAAV?$_Vector_val@U?$_Simple_types@V?$_List_unchecked_iterator@V?$_List_val@U?$_List_simple_types@U?$pair@$$CBV?$basic_string@DU?$char_traits@D@std@@V?$allocator@D@2@@std@@V?$shared_ptr@UNode@NetvarTree@@@2@@std@@@std@@@std@@@std@@@std@@@2@XZ 10001b10 f i backtacking.obj
 0001:00000b10       ??0_Bxty@?$_String_val@U?$_Simple_types@D@std@@@std@@QAE@XZ 10001b10 f i backtacking.obj
 0001:00000b10       ?_Get_second@?$_Compressed_pair@U?$default_delete@VNetvarTree@@@std@@PAVNetvarTree@@$00@std@@QAEAAPAVNetvarTree@@XZ 10001b10 f i Hooks.obj
 0001:00000b10       ?_Get_first@?$_Compressed_pair@V?$allocator@PAV?$ConfigValue@M@@@std@@V?$_Vector_val@U?$_Simple_types@PAV?$ConfigValue@M@@@std@@@2@$00@std@@QBEABV?$allocator@PAV?$ConfigValue@M@@@2@XZ 10001b10 f i cfgsaving.obj
 0001:00000b10       ?_Get_second@?$_Compressed_pair@U?$default_delete@$$BY0A@I@std@@PAI$00@std@@QBEABQAIXZ 10001b10 f i Hooks.obj
 0001:00000b10       ?_Get_second@?$_Compressed_pair@V?$allocator@UPlayerRecords@@@std@@V?$_Deque_val@U?$_Deque_simple_types@UPlayerRecords@@@std@@@2@$00@std@@QBEABV?$_Deque_val@U?$_Deque_simple_types@UPlayerRecords@@@std@@@2@XZ 10001b10 f i Aimbot.obj
 0001:00000b10       ??0?$allocator@Vtrace_info@@@std@@QAE@XZ 10001b10 f i Hooks.obj
 0001:00000b10       ?_Get_second@?$_Compressed_pair@V?$allocator@PAV?$ConfigValue@_N@@@std@@V?$_Vector_val@U?$_Simple_types@PAV?$ConfigValue@_N@@@std@@@2@$00@std@@QAEAAV?$_Vector_val@U?$_Simple_types@PAV?$ConfigValue@_N@@@std@@@2@XZ 10001b10 f i cfgsaving.obj
 0001:00000b10       ?_Get_second@?$_Compressed_pair@V?$allocator@PAV?$ConfigValue@H@@@std@@V?$_Vector_val@U?$_Simple_types@PAV?$ConfigValue@H@@@std@@@2@$00@std@@QBEABV?$_Vector_val@U?$_Simple_types@PAV?$ConfigValue@H@@@std@@@2@XZ 10001b10 f i cfgsaving.obj
 0001:00000b10       ?_Get_second@?$_Compressed_pair@U?$equal_to@V?$basic_string@DU?$char_traits@D@std@@V?$allocator@D@2@@std@@@std@@M$00@std@@QBEABMXZ 10001b10 f i backtacking.obj
 0001:00000b10       ?_Get_second@?$_Compressed_pair@V?$allocator@Ulc_record@@@std@@V?$_Deque_val@U?$_Deque_simple_types@Ulc_record@@@std@@@2@$00@std@@QAEAAV?$_Deque_val@U?$_Deque_simple_types@Ulc_record@@@std@@@2@XZ 10001b10 f i backtacking.obj
 0001:00000b10       ?_Get_second@?$_Compressed_pair@U?$equal_to@V?$basic_string@DU?$char_traits@D@std@@V?$allocator@D@2@@std@@@std@@M$00@std@@QAEAAMXZ 10001b10 f i NetvarManager.obj
 0001:00000b10       ?_Get_second@?$_Compressed_pair@V?$allocator@V?$basic_string@DU?$char_traits@D@std@@V?$allocator@D@2@@std@@@std@@V?$_Vector_val@U?$_Simple_types@V?$basic_string@DU?$char_traits@D@std@@V?$allocator@D@2@@std@@@std@@@2@$00@std@@QAEAAV?$_Vector_val@U?$_Simple_types@V?$basic_string@DU?$char_traits@D@std@@V?$allocator@D@2@@std@@@std@@@2@XZ 10001b10 f i Menu.obj
 0001:00000b10       ?_Get_second@?$_Compressed_pair@V?$allocator@U?$_List_node@U?$pair@$$CBV?$basic_string@DU?$char_traits@D@std@@V?$allocator@D@2@@std@@V?$shared_ptr@UNode@NetvarTree@@@2@@std@@PAX@std@@@std@@V?$_List_val@U?$_List_simple_types@U?$pair@$$CBV?$basic_string@DU?$char_traits@D@std@@V?$allocator@D@2@@std@@V?$shared_ptr@UNode@NetvarTree@@@2@@std@@@std@@@2@$00@std@@QAEAAV?$_List_val@U?$_List_simple_types@U?$pair@$$CBV?$basic_string@DU?$char_traits@D@std@@V?$allocator@D@2@@std@@V?$shared_ptr@UNode@NetvarTree@@@2@@std@@@std@@@2@XZ 10001b10 f i backtacking.obj
 0001:00000b10       ?_Get_second@?$_Compressed_pair@U?$hash@V?$basic_string@DU?$char_traits@D@std@@V?$allocator@D@2@@std@@@std@@V?$_Compressed_pair@U?$equal_to@V?$basic_string@DU?$char_traits@D@std@@V?$allocator@D@2@@std@@@std@@M$00@2@$00@std@@QBEABV?$_Compressed_pair@U?$equal_to@V?$basic_string@DU?$char_traits@D@std@@V?$allocator@D@2@@std@@@std@@M$00@2@XZ 10001b10 f i backtacking.obj
 0001:00000b10       ?_Get_first@?$_Compressed_pair@V?$allocator@UPlayerRecords@@@std@@V?$_Deque_val@U?$_Deque_simple_types@UPlayerRecords@@@std@@@2@$00@std@@QAEAAV?$allocator@UPlayerRecords@@@2@XZ 10001b10 f i LagComp.obj
 0001:00000b10       ?_Get_first@?$_Compressed_pair@V?$allocator@PAVDot@@@std@@V?$_Vector_val@U?$_Simple_types@PAVDot@@@std@@@2@$00@std@@QBEABV?$allocator@PAVDot@@@2@XZ 10001b10 f i dots.obj
 0001:00000b10       ?_Get_first@?$_Compressed_pair@V?$allocator@Ulc_record@@@std@@V?$_Deque_val@U?$_Deque_simple_types@Ulc_record@@@std@@@2@$00@std@@QAEAAV?$allocator@Ulc_record@@@2@XZ 10001b10 f i backtacking.obj
 0001:00000b10       ??0Vector@@QAE@XZ          10001b10 f i backtacking.obj
 0001:00000b10       ?_Get_second@?$_Compressed_pair@U?$default_delete@VNetvarTree@@@std@@PAVNetvarTree@@$00@std@@QBEABQAVNetvarTree@@XZ 10001b10 f i backtacking.obj
 0001:00000b10       ?_Get_first@?$_Compressed_pair@V?$allocator@PAV?$ConfigValue@_N@@@std@@V?$_Vector_val@U?$_Simple_types@PAV?$ConfigValue@_N@@@std@@@2@$00@std@@QAEAAV?$allocator@PAV?$ConfigValue@_N@@@2@XZ 10001b10 f i cfgsaving.obj
 0001:00000b10       ??0?$allocator@PAV?$ConfigValue@M@@@std@@QAE@XZ 10001b10 f i cfgsaving.obj
 0001:00000b10       ??0?$singleton@Vchams@@@@IAE@XZ 10001b10 f i Hooks.obj
 0001:00000b10       ?_Get_first@?$_Compressed_pair@U?$default_delete@VNetvarTree@@@std@@PAVNetvarTree@@$00@std@@QAEAAU?$default_delete@VNetvarTree@@@2@XZ 10001b10 f i Hooks.obj
 0001:00000b10       ??0?$allocator@D@std@@QAE@XZ 10001b10 f i backtacking.obj
 0001:00000b10       ?_Get_first@?$_Compressed_pair@U?$default_delete@$$BY0A@I@std@@PAI$00@std@@QAEAAU?$default_delete@$$BY0A@I@2@XZ 10001b10 f i Hooks.obj
 0001:00000b10       ?_Get_first@?$_Compressed_pair@V?$allocator@Ulc_record@@@std@@V?$_Deque_val@U?$_Deque_simple_types@Ulc_record@@@std@@@2@$00@std@@QBEABV?$allocator@Ulc_record@@@2@XZ 10001b10 f i backtacking.obj
 0001:00000b10       ?_Get_second@?$_Compressed_pair@V?$allocator@Vtrace_info@@@std@@V?$_Vector_val@U?$_Simple_types@Vtrace_info@@@std@@@2@$00@std@@QBEABV?$_Vector_val@U?$_Simple_types@Vtrace_info@@@std@@@2@XZ 10001b10 f i Hooks.obj
 0001:00000b10       ?_Get_first@?$_Compressed_pair@V?$allocator@UPlayerRecords@@@std@@V?$_Deque_val@U?$_Deque_simple_types@UPlayerRecords@@@std@@@2@$00@std@@QBEABV?$allocator@UPlayerRecords@@@2@XZ 10001b10 f i LagComp.obj
 0001:00000b10       ?_Get_first@?$_Compressed_pair@V?$allocator@VCMessage@@@std@@V?$_Vector_val@U?$_Simple_types@VCMessage@@@std@@@2@$00@std@@QAEAAV?$allocator@VCMessage@@@2@XZ 10001b10 f i Event Logs.obj
 0001:00000b10       ?_Get_first@?$_Compressed_pair@V?$allocator@H@std@@V?$_Vector_val@U?$_Simple_types@H@std@@@2@$00@std@@QAEAAV?$allocator@H@2@XZ 10001b10 f i Aimbot.obj
 0001:00000b10       ?_Get_first@?$_Compressed_pair@V?$allocator@PBD@std@@V?$_Vector_val@U?$_Simple_types@PBD@std@@@2@$00@std@@QAEAAV?$allocator@PBD@2@XZ 10001b10 f i Hooks.obj
 0001:00000b10       ??0?$allocator@H@std@@QAE@XZ 10001b10 f i Aimbot.obj
 0001:00000b10       ?_Get_first@?$_Compressed_pair@V?$allocator@V?$_List_unchecked_iterator@V?$_List_val@U?$_List_simple_types@U?$pair@$$CBV?$basic_string@DU?$char_traits@D@std@@V?$allocator@D@2@@std@@V?$shared_ptr@UNode@NetvarTree@@@2@@std@@@std@@@std@@@std@@@std@@V?$_Vector_val@U?$_Simple_types@V?$_List_unchecked_iterator@V?$_List_val@U?$_List_simple_types@U?$pair@$$CBV?$basic_string@DU?$char_traits@D@std@@V?$allocator@D@2@@std@@V?$shared_ptr@UNode@NetvarTree@@@2@@std@@@std@@@std@@@std@@@std@@@2@$00@std@@QBEABV?$allocator@V?$_List_unchecked_iterator@V?$_List_val@U?$_List_simple_types@U?$pair@$$CBV?$basic_string@DU?$char_traits@D@std@@V?$allocator@D@2@@std@@V?$shared_ptr@UNode@NetvarTree@@@2@@std@@@std@@@std@@@std@@@2@XZ 10001b10 f i backtacking.obj
 0001:00000b10       ?_Get_second@?$_Compressed_pair@V?$allocator@V?$basic_string@DU?$char_traits@D@std@@V?$allocator@D@2@@std@@@std@@V?$_Vector_val@U?$_Simple_types@V?$basic_string@DU?$char_traits@D@std@@V?$allocator@D@2@@std@@@std@@@2@$00@std@@QBEABV?$_Vector_val@U?$_Simple_types@V?$basic_string@DU?$char_traits@D@std@@V?$allocator@D@2@@std@@@std@@@2@XZ 10001b10 f i Menu.obj
 0001:00000b10       ?_Get_first@?$_Compressed_pair@V?$allocator@PAV?$ConfigValue@M@@@std@@V?$_Vector_val@U?$_Simple_types@PAV?$ConfigValue@M@@@std@@@2@$00@std@@QAEAAV?$allocator@PAV?$ConfigValue@M@@@2@XZ 10001b10 f i cfgsaving.obj
 0001:00000b10       ?_Get_second@?$_Compressed_pair@V?$allocator@PAV?$ConfigValue@_N@@@std@@V?$_Vector_val@U?$_Simple_types@PAV?$ConfigValue@_N@@@std@@@2@$00@std@@QBEABV?$_Vector_val@U?$_Simple_types@PAV?$ConfigValue@_N@@@std@@@2@XZ 10001b10 f i cfgsaving.obj
 0001:00000b10       ?_Get_second@?$_Compressed_pair@V?$allocator@VCMessage@@@std@@V?$_Vector_val@U?$_Simple_types@VCMessage@@@std@@@2@$00@std@@QAEAAV?$_Vector_val@U?$_Simple_types@VCMessage@@@std@@@2@XZ 10001b10 f i Event Logs.obj
 0001:00000b10       ??0?$allocator@V?$basic_string@DU?$char_traits@D@std@@V?$allocator@D@2@@std@@@std@@QAE@XZ 10001b10 f i Menu.obj
 0001:00000b10       ??0?$allocator@U?$pair@$$CBV?$basic_string@DU?$char_traits@D@std@@V?$allocator@D@2@@std@@V?$shared_ptr@UNode@NetvarTree@@@2@@std@@@std@@QAE@XZ 10001b10 f i NetvarManager.obj
 0001:00000b10       ?_Get_second@?$_Compressed_pair@V?$allocator@PAV?$ConfigValue@H@@@std@@V?$_Vector_val@U?$_Simple_types@PAV?$ConfigValue@H@@@std@@@2@$00@std@@QAEAAV?$_Vector_val@U?$_Simple_types@PAV?$ConfigValue@H@@@std@@@2@XZ 10001b10 f i cfgsaving.obj
 0001:00000b10       ?_Get_first@?$_Compressed_pair@V?$allocator@PAVDot@@@std@@V?$_Vector_val@U?$_Simple_types@PAVDot@@@std@@@2@$00@std@@QAEAAV?$allocator@PAVDot@@@2@XZ 10001b10 f i dots.obj
 0001:00000b10       ?_Get_second@?$_Compressed_pair@V?$allocator@VCMessage@@@std@@V?$_Vector_val@U?$_Simple_types@VCMessage@@@std@@@2@$00@std@@QBEABV?$_Vector_val@U?$_Simple_types@VCMessage@@@std@@@2@XZ 10001b10 f i Event Logs.obj
 0001:00000b10       ?_Get_first@?$_Compressed_pair@V?$allocator@VCMessage@@@std@@V?$_Vector_val@U?$_Simple_types@VCMessage@@@std@@@2@$00@std@@QBEABV?$allocator@VCMessage@@@2@XZ 10001b10 f i Event Logs.obj
 0001:00000b10       ?_Get_second@?$_Compressed_pair@U?$default_delete@VShadowVTManager@@@std@@PAVShadowVTManager@@$00@std@@QBEABQAVShadowVTManager@@XZ 10001b10 f i Hooks.obj
 0001:00000b10       ?_Get_second@?$_Compressed_pair@V?$allocator@PBD@std@@V?$_Vector_val@U?$_Simple_types@PBD@std@@@2@$00@std@@QAEAAV?$_Vector_val@U?$_Simple_types@PBD@std@@@2@XZ 10001b10 f i Hooks.obj
 0001:00000b10       ?_Get_second@?$_Compressed_pair@U?$default_delete@VVMTHook@@@std@@PAVVMTHook@@$00@std@@QAEAAPAVVMTHook@@XZ 10001b10 f i Hooks.obj
 0001:00000b10       ?_Get_first@?$_Compressed_pair@U?$default_delete@VVMTHook@@@std@@PAVVMTHook@@$00@std@@QAEAAU?$default_delete@VVMTHook@@@2@XZ 10001b10 f i Hooks.obj
 0001:00000b10       ??0?$allocator@PAVDot@@@std@@QAE@XZ 10001b10 f i dots.obj
 0001:00000b10       ??0?$allocator@PBD@std@@QAE@XZ 10001b10 f i Hooks.obj
 0001:00000b10       ?_Get_first@?$_Compressed_pair@V?$allocator@V?$basic_string@DU?$char_traits@D@std@@V?$allocator@D@2@@std@@@std@@V?$_Vector_val@U?$_Simple_types@V?$basic_string@DU?$char_traits@D@std@@V?$allocator@D@2@@std@@@std@@@2@$00@std@@QAEAAV?$allocator@V?$basic_string@DU?$char_traits@D@std@@V?$allocator@D@2@@std@@@2@XZ 10001b10 f i Menu.obj
 0001:00000b10       ?_Get_second@?$_Compressed_pair@V?$allocator@H@std@@V?$_Vector_val@U?$_Simple_types@H@std@@@2@$00@std@@QAEAAV?$_Vector_val@U?$_Simple_types@H@std@@@2@XZ 10001b10 f i Aimbot.obj
 0001:00000b10       ?_Get_first@?$_Compressed_pair@V?$allocator@PAV?$ConfigValue@_N@@@std@@V?$_Vector_val@U?$_Simple_types@PAV?$ConfigValue@_N@@@std@@@2@$00@std@@QBEABV?$allocator@PAV?$ConfigValue@_N@@@2@XZ 10001b10 f i cfgsaving.obj
 0001:00000b10       ?_Get_second@?$_Compressed_pair@V?$allocator@V?$_List_unchecked_iterator@V?$_List_val@U?$_List_simple_types@U?$pair@$$CBV?$basic_string@DU?$char_traits@D@std@@V?$allocator@D@2@@std@@V?$shared_ptr@UNode@NetvarTree@@@2@@std@@@std@@@std@@@std@@@std@@V?$_Vector_val@U?$_Simple_types@V?$_List_unchecked_iterator@V?$_List_val@U?$_List_simple_types@U?$pair@$$CBV?$basic_string@DU?$char_traits@D@std@@V?$allocator@D@2@@std@@V?$shared_ptr@UNode@NetvarTree@@@2@@std@@@std@@@std@@@std@@@std@@@2@$00@std@@QBEABV?$_Vector_val@U?$_Simple_types@V?$_List_unchecked_iterator@V?$_List_val@U?$_List_simple_types@U?$pair@$$CBV?$basic_string@DU?$char_traits@D@std@@V?$allocator@D@2@@std@@V?$shared_ptr@UNode@NetvarTree@@@2@@std@@@std@@@std@@@std@@@std@@@2@XZ 10001b10 f i backtacking.obj
 0001:00000b10       ?_Get_first@?$_Compressed_pair@V?$allocator@H@std@@V?$_Vector_val@U?$_Simple_types@H@std@@@2@$00@std@@QBEABV?$allocator@H@2@XZ 10001b10 f i Aimbot.obj
 0001:00000b10       ??0matrix3x4_t@@QAE@XZ     10001b10 f i Legitbot.obj
 0001:00000b10       ?_Get_second@?$_Compressed_pair@V?$allocator@PAVDot@@@std@@V?$_Vector_val@U?$_Simple_types@PAVDot@@@std@@@2@$00@std@@QBEABV?$_Vector_val@U?$_Simple_types@PAVDot@@@std@@@2@XZ 10001b10 f i dots.obj
 0001:00000b10       ?_Get_first@?$_Compressed_pair@U?$hash@V?$basic_string@DU?$char_traits@D@std@@V?$allocator@D@2@@std@@@std@@V?$_Compressed_pair@U?$equal_to@V?$basic_string@DU?$char_traits@D@std@@V?$allocator@D@2@@std@@@std@@M$00@2@$00@std@@QBEABU?$hash@V?$basic_string@DU?$char_traits@D@std@@V?$allocator@D@2@@std@@@2@XZ 10001b10 f i backtacking.obj
 0001:00000b10       ?_Get_first@?$_Compressed_pair@U?$equal_to@V?$basic_string@DU?$char_traits@D@std@@V?$allocator@D@2@@std@@@std@@M$00@std@@QBEABU?$equal_to@V?$basic_string@DU?$char_traits@D@std@@V?$allocator@D@2@@std@@@2@XZ 10001b10 f i backtacking.obj
 0001:00000b10       ?_Get_first@?$_Compressed_pair@V?$allocator@U?$_List_node@U?$pair@$$CBV?$basic_string@DU?$char_traits@D@std@@V?$allocator@D@2@@std@@V?$shared_ptr@UNode@NetvarTree@@@2@@std@@PAX@std@@@std@@V?$_List_val@U?$_List_simple_types@U?$pair@$$CBV?$basic_string@DU?$char_traits@D@std@@V?$allocator@D@2@@std@@V?$shared_ptr@UNode@NetvarTree@@@2@@std@@@std@@@2@$00@std@@QBEABV?$allocator@U?$_List_node@U?$pair@$$CBV?$basic_string@DU?$char_traits@D@std@@V?$allocator@D@2@@std@@V?$shared_ptr@UNode@NetvarTree@@@2@@std@@PAX@std@@@2@XZ 10001b10 f i backtacking.obj
 0001:00000b10       ?_Unchecked_begin@?$array@VVector2D@@$02@std@@QAEPAVVector2D@@XZ 10001b10 f i ESP.obj
 0001:00000b10       ?_Get_first@?$_Compressed_pair@V?$allocator@Vtrace_info@@@std@@V?$_Vector_val@U?$_Simple_types@Vtrace_info@@@std@@@2@$00@std@@QAEAAV?$allocator@Vtrace_info@@@2@XZ 10001b10 f i Hooks.obj
 0001:00000b10       ?_Get_first@?$_Compressed_pair@V?$allocator@D@std@@V?$_String_val@U?$_Simple_types@D@std@@@2@$00@std@@QBEABV?$allocator@D@2@XZ 10001b10 f i backtacking.obj
 0001:00000b10       ?_Get_first@?$_Compressed_pair@U?$default_delete@VShadowVTManager@@@std@@PAVShadowVTManager@@$00@std@@QAEAAU?$default_delete@VShadowVTManager@@@2@XZ 10001b10 f i Hooks.obj
 0001:00000b10       ?_Get_first@?$_Compressed_pair@V?$allocator@Vtrace_info@@@std@@V?$_Vector_val@U?$_Simple_types@Vtrace_info@@@std@@@2@$00@std@@QBEABV?$allocator@Vtrace_info@@@2@XZ 10001b10 f i Hooks.obj
 0001:00000b10       ??0?$tuple@$$V@std@@QAE@XZ 10001b10 f i backtacking.obj
 0001:00000b10       ?_Get_second@?$_Compressed_pair@V?$allocator@D@std@@V?$_String_val@U?$_Simple_types@D@std@@@2@$00@std@@QAEAAV?$_String_val@U?$_Simple_types@D@std@@@2@XZ 10001b10 f i backtacking.obj
 0001:00000b10       ?_Get_second@?$_Compressed_pair@V?$allocator@PAV?$ConfigValue@M@@@std@@V?$_Vector_val@U?$_Simple_types@PAV?$ConfigValue@M@@@std@@@2@$00@std@@QAEAAV?$_Vector_val@U?$_Simple_types@PAV?$ConfigValue@M@@@std@@@2@XZ 10001b10 f i cfgsaving.obj
 0001:00000b10       ??0?$allocator@VCMessage@@@std@@QAE@XZ 10001b10 f i Event Logs.obj
 0001:00000b10       ??0?$allocator@UPlayerRecords@@@std@@QAE@XZ 10001b10 f i LagComp.obj
 0001:00000b10       ??0?$allocator@Ulc_record@@@std@@QAE@XZ 10001b10 f i backtacking.obj
 0001:00000b10       ??0?$allocator@PAV?$ConfigValue@H@@@std@@QAE@XZ 10001b10 f i cfgsaving.obj
 0001:00000b10       ?_Get_second@?$_Compressed_pair@U?$hash@V?$basic_string@DU?$char_traits@D@std@@V?$allocator@D@2@@std@@@std@@V?$_Compressed_pair@U?$equal_to@V?$basic_string@DU?$char_traits@D@std@@V?$allocator@D@2@@std@@@std@@M$00@2@$00@std@@QAEAAV?$_Compressed_pair@U?$equal_to@V?$basic_string@DU?$char_traits@D@std@@V?$allocator@D@2@@std@@@std@@M$00@2@XZ 10001b10 f i NetvarManager.obj
 0001:00000b10       ?_Get_first@?$_Compressed_pair@V?$allocator@PAV?$ConfigValue@H@@@std@@V?$_Vector_val@U?$_Simple_types@PAV?$ConfigValue@H@@@std@@@2@$00@std@@QBEABV?$allocator@PAV?$ConfigValue@H@@@2@XZ 10001b10 f i cfgsaving.obj
 0001:00000b10       ?_Get_first@?$_Compressed_pair@V?$allocator@U?$_List_node@U?$pair@$$CBV?$basic_string@DU?$char_traits@D@std@@V?$allocator@D@2@@std@@V?$shared_ptr@UNode@NetvarTree@@@2@@std@@PAX@std@@@std@@V?$_List_val@U?$_List_simple_types@U?$pair@$$CBV?$basic_string@DU?$char_traits@D@std@@V?$allocator@D@2@@std@@V?$shared_ptr@UNode@NetvarTree@@@2@@std@@@std@@@2@$00@std@@QAEAAV?$allocator@U?$_List_node@U?$pair@$$CBV?$basic_string@DU?$char_traits@D@std@@V?$allocator@D@2@@std@@V?$shared_ptr@UNode@NetvarTree@@@2@@std@@PAX@std@@@2@XZ 10001b10 f i backtacking.obj
 0001:00000b10       ?_Get_second@?$_Compressed_pair@V?$allocator@Ulc_record@@@std@@V?$_Deque_val@U?$_Deque_simple_types@Ulc_record@@@std@@@2@$00@std@@QBEABV?$_Deque_val@U?$_Deque_simple_types@Ulc_record@@@std@@@2@XZ 10001b10 f i backtacking.obj
 0001:00000b10       ?_Get_second@?$_Compressed_pair@V?$allocator@Vtrace_info@@@std@@V?$_Vector_val@U?$_Simple_types@Vtrace_info@@@std@@@2@$00@std@@QAEAAV?$_Vector_val@U?$_Simple_types@Vtrace_info@@@std@@@2@XZ 10001b10 f i Hooks.obj
 0001:00000b10       ?_Get_second@?$_Compressed_pair@V?$allocator@D@std@@V?$_String_val@U?$_Simple_types@D@std@@@2@$00@std@@QBEABV?$_String_val@U?$_Simple_types@D@std@@@2@XZ 10001b10 f i backtacking.obj
 0001:00000b10       ??0?$allocator@PAV?$ConfigValue@_N@@@std@@QAE@XZ 10001b10 f i cfgsaving.obj
 0001:00000b10       ??0Vector2D@@QAE@XZ        10001b10 f i dots.obj
 0001:00000b10       ?_Get_first@?$_Compressed_pair@V?$allocator@V?$_List_unchecked_iterator@V?$_List_val@U?$_List_simple_types@U?$pair@$$CBV?$basic_string@DU?$char_traits@D@std@@V?$allocator@D@2@@std@@V?$shared_ptr@UNode@NetvarTree@@@2@@std@@@std@@@std@@@std@@@std@@V?$_Vector_val@U?$_Simple_types@V?$_List_unchecked_iterator@V?$_List_val@U?$_List_simple_types@U?$pair@$$CBV?$basic_string@DU?$char_traits@D@std@@V?$allocator@D@2@@std@@V?$shared_ptr@UNode@NetvarTree@@@2@@std@@@std@@@std@@@std@@@std@@@2@$00@std@@QAEAAV?$allocator@V?$_List_unchecked_iterator@V?$_List_val@U?$_List_simple_types@U?$pair@$$CBV?$basic_string@DU?$char_traits@D@std@@V?$allocator@D@2@@std@@V?$shared_ptr@UNode@NetvarTree@@@2@@std@@@std@@@std@@@std@@@2@XZ 10001b10 f i backtacking.obj
 0001:00000b10       ?_Get_second@?$_Compressed_pair@V?$allocator@U?$_List_node@U?$pair@$$CBV?$basic_string@DU?$char_traits@D@std@@V?$allocator@D@2@@std@@V?$shared_ptr@UNode@NetvarTree@@@2@@std@@PAX@std@@@std@@V?$_List_val@U?$_List_simple_types@U?$pair@$$CBV?$basic_string@DU?$char_traits@D@std@@V?$allocator@D@2@@std@@V?$shared_ptr@UNode@NetvarTree@@@2@@std@@@std@@@2@$00@std@@QBEABV?$_List_val@U?$_List_simple_types@U?$pair@$$CBV?$basic_string@DU?$char_traits@D@std@@V?$allocator@D@2@@std@@V?$shared_ptr@UNode@NetvarTree@@@2@@std@@@std@@@2@XZ 10001b10 f i backtacking.obj
 0001:00000b10       ?_Get_second@?$_Compressed_pair@V?$allocator@PAVDot@@@std@@V?$_Vector_val@U?$_Simple_types@PAVDot@@@std@@@2@$00@std@@QAEAAV?$_Vector_val@U?$_Simple_types@PAVDot@@@std@@@2@XZ 10001b10 f i dots.obj
 0001:00000b10       ?_Get_first@?$_Compressed_pair@V?$allocator@V?$basic_string@DU?$char_traits@D@std@@V?$allocator@D@2@@std@@@std@@V?$_Vector_val@U?$_Simple_types@V?$basic_string@DU?$char_traits@D@std@@V?$allocator@D@2@@std@@@std@@@2@$00@std@@QBEABV?$allocator@V?$basic_string@DU?$char_traits@D@std@@V?$allocator@D@2@@std@@@2@XZ 10001b10 f i Menu.obj
 0001:00000b10       ?_Get_second@?$_Compressed_pair@V?$allocator@PAV?$ConfigValue@M@@@std@@V?$_Vector_val@U?$_Simple_types@PAV?$ConfigValue@M@@@std@@@2@$00@std@@QBEABV?$_Vector_val@U?$_Simple_types@PAV?$ConfigValue@M@@@std@@@2@XZ 10001b10 f i cfgsaving.obj
 0001:00000b10       ?_Get_first@?$_Compressed_pair@V?$allocator@D@std@@V?$_String_val@U?$_Simple_types@D@std@@@2@$00@std@@QAEAAV?$allocator@D@2@XZ 10001b10 f i backtacking.obj
 0001:00000b10       ?_Get_second@?$_Compressed_pair@V?$allocator@H@std@@V?$_Vector_val@U?$_Simple_types@H@std@@@2@$00@std@@QBEABV?$_Vector_val@U?$_Simple_types@H@std@@@2@XZ 10001b10 f i Aimbot.obj
 0001:00000b10       ?_Get_second@?$_Compressed_pair@V?$allocator@PBD@std@@V?$_Vector_val@U?$_Simple_types@PBD@std@@@2@$00@std@@QBEABV?$_Vector_val@U?$_Simple_types@PBD@std@@@2@XZ 10001b10 f i Hooks.obj
 0001:00000b10       ?_Get_second@?$_Compressed_pair@U?$default_delete@VVMTHook@@@std@@PAVVMTHook@@$00@std@@QBEABQAVVMTHook@@XZ 10001b10 f i Hooks.obj
 0001:00000b10       ?_Get_second@?$_Compressed_pair@U?$default_delete@$$BY0A@I@std@@PAI$00@std@@QAEAAPAIXZ 10001b10 f i Hooks.obj
 0001:00000b10       ?_Get_first@?$_Compressed_pair@V?$allocator@PBD@std@@V?$_Vector_val@U?$_Simple_types@PBD@std@@@2@$00@std@@QBEABV?$allocator@PBD@2@XZ 10001b10 f i Hooks.obj
 0001:00000b10       ?_Get_first@?$_Compressed_pair@V?$allocator@PAV?$ConfigValue@H@@@std@@V?$_Vector_val@U?$_Simple_types@PAV?$ConfigValue@H@@@std@@@2@$00@std@@QAEAAV?$allocator@PAV?$ConfigValue@H@@@2@XZ 10001b10 f i cfgsaving.obj
 0001:00000b10       ?_Get_second@?$_Compressed_pair@V?$allocator@UPlayerRecords@@@std@@V?$_Deque_val@U?$_Deque_simple_types@UPlayerRecords@@@std@@@2@$00@std@@QAEAAV?$_Deque_val@U?$_Deque_simple_types@UPlayerRecords@@@std@@@2@XZ 10001b10 f i Aimbot.obj
 0001:00000b10       ?data@?$array@UVertex_t@@$02@std@@QAEPAUVertex_t@@XZ 10001b10 f i ESP.obj
 0001:00000b20       ??$?0Ulc_record@@@?$allocator@PAUlc_record@@@std@@QAE@ABV?$allocator@Ulc_record@@@1@@Z 10001b20 f i backtacking.obj
 0001:00000b20       ??4ITraceFilter@@QAEAAV0@$$QAV0@@Z 10001b20 f i Autowall.obj
 0001:00000b20       ??$?0U?$pair@$$CBV?$basic_string@DU?$char_traits@D@std@@V?$allocator@D@2@@std@@V?$shared_ptr@UNode@NetvarTree@@@2@@std@@@?$allocator@V?$_List_unchecked_iterator@V?$_List_val@U?$_List_simple_types@U?$pair@$$CBV?$basic_string@DU?$char_traits@D@std@@V?$allocator@D@2@@std@@V?$shared_ptr@UNode@NetvarTree@@@2@@std@@@std@@@std@@@std@@@std@@QAE@ABV?$allocator@U?$pair@$$CBV?$basic_string@DU?$char_traits@D@std@@V?$allocator@D@2@@std@@V?$shared_ptr@UNode@NetvarTree@@@2@@std@@@1@@Z 10001b20 f i NetvarManager.obj
 0001:00000b20       ??$?0U_Exact_args_t@std@@$0A@@?$tuple@$$V@std@@QAE@U_Exact_args_t@1@@Z 10001b20 f i backtacking.obj
 0001:00000b20       ??$?0U?$pair@$$CBV?$basic_string@DU?$char_traits@D@std@@V?$allocator@D@2@@std@@V?$shared_ptr@UNode@NetvarTree@@@2@@std@@@?$allocator@U?$_List_node@U?$pair@$$CBV?$basic_string@DU?$char_traits@D@std@@V?$allocator@D@2@@std@@V?$shared_ptr@UNode@NetvarTree@@@2@@std@@PAX@std@@@std@@QAE@ABV?$allocator@U?$pair@$$CBV?$basic_string@DU?$char_traits@D@std@@V?$allocator@D@2@@std@@V?$shared_ptr@UNode@NetvarTree@@@2@@std@@@1@@Z 10001b20 f i NetvarManager.obj
 0001:00000b20       ??$?0UPlayerRecords@@@?$allocator@PAUPlayerRecords@@@std@@QAE@ABV?$allocator@UPlayerRecords@@@1@@Z 10001b20 f i LagComp.obj
 0001:00000b20       ??0?$tuple@$$V@std@@QAE@ABV01@@Z 10001b20 f i backtacking.obj
 0001:00000b20       ??$?0Ulc_record@@@?$allocator@U_Container_proxy@std@@@std@@QAE@ABV?$allocator@Ulc_record@@@1@@Z 10001b20 f i backtacking.obj
 0001:00000b20       ??$?0U?$integral_constant@_N$00@std@@@_Unused_parameter@std@@QAE@$$QAU?$integral_constant@_N$00@1@@Z 10001b20 f i backtacking.obj
 0001:00000b20       ??$?0UPlayerRecords@@@?$allocator@U_Container_proxy@std@@@std@@QAE@ABV?$allocator@UPlayerRecords@@@1@@Z 10001b20 f i LagComp.obj
 0001:00000b30       ??0Vector@@QAE@MMM@Z       10001b30 f i backtacking.obj
 0001:00000b70       ??4Vector@@QAEAAV0@ABV0@@Z 10001b70 f i backtacking.obj
 0001:00000bb0       ?Length@Vector@@QBEMXZ     10001bb0 f i backtacking.obj
 0001:00000c20       ??HVector@@QBE?AV0@ABV0@@Z 10001c20 f i backtacking.obj
 0001:00000c90       ??GVector@@QBE?AV0@ABV0@@Z 10001c90 f i backtacking.obj
 0001:00000d00       ??DVector@@QBE?AV0@M@Z     10001d00 f i backtacking.obj
 0001:00000d70       ?Dot@Vector@@QBEMABV1@@Z   10001d70 f i backtacking.obj
 0001:00000dd0       ??0Vector2D@@QAE@MM@Z      10001dd0 f i backtacking.obj
 0001:00000e00       ?GetOffsetRecursive@NetvarTree@@CAHAAV?$unordered_map@V?$basic_string@DU?$char_traits@D@std@@V?$allocator@D@2@@std@@V?$shared_ptr@UNode@NetvarTree@@@2@U?$hash@V?$basic_string@DU?$char_traits@D@std@@V?$allocator@D@2@@std@@@2@U?$equal_to@V?$basic_string@DU?$char_traits@D@std@@V?$allocator@D@2@@std@@@2@V?$allocator@U?$pair@$$CBV?$basic_string@DU?$char_traits@D@std@@V?$allocator@D@2@@std@@V?$shared_ptr@UNode@NetvarTree@@@2@@std@@@2@@std@@HPBD@Z 10001e00 f i backtacking.obj
 0001:00000e70       ?GetAbsOrigin@C_BaseEntity@@QAE?AVVector@@XZ 10001e70 f i backtacking.obj
 0001:00000ec0       ?GetTeam@C_BaseEntity@@QAEHXZ 10001ec0 f i backtacking.obj
 0001:00000f80       ?GetSimulationTime@C_BaseEntity@@QAEMXZ 10001f80 f i backtacking.obj
 0001:00001030       ?GetHealth@C_BaseEntity@@QAEHXZ 10002030 f i backtacking.obj
 0001:000010e0       ??_H@YGXPAXIIP6EPAX0@Z@Z   100020e0 f i backtacking.obj
 0001:00001120       ??0lc_record@@QAE@PAVC_BaseEntity@@@Z 10002120 f i backtacking.obj
 0001:00001190       ??0backtrack_tick@@QAE@XZ  10002190 f i backtacking.obj
 0001:000011c0       ?angle_vector@LagComp@@AAE?AVVector@@V2@@Z 100021c0 f i backtacking.obj
 0001:000012b0       ?distance_point_to_line@LagComp@@AAEMVVector@@00@Z 100022b0 f i backtacking.obj
 0001:00001370       ?handle@LagComp@@QAEXXZ    10002370 f   backtacking.obj
 0001:000018b0       ??4backtrack_tick@@QAEAAU0@$$QAU0@@Z 100028b0 f i backtacking.obj
 0001:000018f0       ??0?$array@V?$deque@Ulc_record@@V?$allocator@Ulc_record@@@std@@@std@@$0EA@@std@@QAE@XZ 100028f0 f i backtacking.obj
 0001:00001920       ??1?$array@V?$deque@Ulc_record@@V?$allocator@Ulc_record@@@std@@@std@@$0EA@@std@@QAE@XZ 10002920 f i backtacking.obj
 0001:00001960       ??A?$array@V?$deque@Ulc_record@@V?$allocator@Ulc_record@@@std@@@std@@$0EA@@std@@QAEAAV?$deque@Ulc_record@@V?$allocator@Ulc_record@@@std@@@1@I@Z 10002960 f i backtacking.obj
 0001:00001980       ?pop_back@?$deque@Ulc_record@@V?$allocator@Ulc_record@@@std@@@std@@QAEXXZ 10002980 f i backtacking.obj
 0001:00001a30       ?size@?$deque@Ulc_record@@V?$allocator@Ulc_record@@@std@@@std@@QBEIXZ 10002a30 f i backtacking.obj
 0001:00001a30       ?size@?$deque@UPlayerRecords@@V?$allocator@UPlayerRecords@@@std@@@std@@QBEIXZ 10002a30 f i Aimbot.obj
 0001:00001a50       ??1?$deque@Ulc_record@@V?$allocator@Ulc_record@@@std@@@std@@QAE@XZ 10002a50 f i backtacking.obj
 0001:00001a90       ?push_front@?$deque@Ulc_record@@V?$allocator@Ulc_record@@@std@@@std@@QAEX$$QAUlc_record@@@Z 10002a90 f i backtacking.obj
 0001:00001c20       ??0?$deque@Ulc_record@@V?$allocator@Ulc_record@@@std@@@std@@QAE@XZ 10002c20 f i backtacking.obj
 0001:00001c20       ??0?$deque@UPlayerRecords@@V?$allocator@UPlayerRecords@@@std@@@std@@QAE@XZ 10002c20 f i LagComp.obj
 0001:00001c40       ??C?$unique_ptr@VVMTHook@@U?$default_delete@VVMTHook@@@std@@@std@@QBEPAVVMTHook@@XZ 10002c40 f i Hooks.obj
 0001:00001c40       ?get@?$unique_ptr@$$BY0A@IU?$default_delete@$$BY0A@I@std@@@std@@QBEPAIXZ 10002c40 f i Hooks.obj
 0001:00001c40       ?get@?$unique_ptr@VVMTHook@@U?$default_delete@VVMTHook@@@std@@@std@@QBEPAVVMTHook@@XZ 10002c40 f i Hooks.obj
 0001:00001c40       ?get@?$unique_ptr@VNetvarTree@@U?$default_delete@VNetvarTree@@@std@@@std@@QBEPAVNetvarTree@@XZ 10002c40 f i Hooks.obj
 0001:00001c40       ?get@?$unique_ptr@VShadowVTManager@@U?$default_delete@VShadowVTManager@@@std@@@std@@QBEPAVShadowVTManager@@XZ 10002c40 f i Hooks.obj
 0001:00001c40       ??C?$unique_ptr@VNetvarTree@@U?$default_delete@VNetvarTree@@@std@@@std@@QBEPAVNetvarTree@@XZ 10002c40 f i backtacking.obj
 0001:00001c60       ??A?$unordered_map@V?$basic_string@DU?$char_traits@D@std@@V?$allocator@D@2@@std@@V?$shared_ptr@UNode@NetvarTree@@@2@U?$hash@V?$basic_string@DU?$char_traits@D@std@@V?$allocator@D@2@@std@@@2@U?$equal_to@V?$basic_string@DU?$char_traits@D@std@@V?$allocator@D@2@@std@@@2@V?$allocator@U?$pair@$$CBV?$basic_string@DU?$char_traits@D@std@@V?$allocator@D@2@@std@@V?$shared_ptr@UNode@NetvarTree@@@2@@std@@@2@@std@@QAEAAV?$shared_ptr@UNode@NetvarTree@@@1@$$QAV?$basic_string@DU?$char_traits@D@std@@V?$allocator@D@2@@1@@Z 10002c60 f i backtacking.obj
 0001:00001ca0       ?c_str@?$basic_string@DU?$char_traits@D@std@@V?$allocator@D@2@@std@@QBEPBDXZ 10002ca0 f i backtacking.obj
 0001:00001ce0       ??1?$basic_string@DU?$char_traits@D@std@@V?$allocator@D@2@@std@@QAE@XZ 10002ce0 f i backtacking.obj
 0001:00001d20       ??0?$basic_string@DU?$char_traits@D@std@@V?$allocator@D@2@@std@@QAE@$$QAV01@@Z 10002d20 f i backtacking.obj
 0001:00001da0       ??0?$basic_string@DU?$char_traits@D@std@@V?$allocator@D@2@@std@@QAE@QBD@Z 10002da0 f i backtacking.obj
 0001:00001e00       ??1?$_String_alloc@U?$_String_base_types@DV?$allocator@D@std@@@std@@@std@@QAE@XZ 10002e00 f i backtacking.obj
 0001:00001e20       ??1?$_Compressed_pair@V?$allocator@D@std@@V?$_String_val@U?$_Simple_types@D@std@@@2@$00@std@@QAE@XZ 10002e20 f i backtacking.obj
 0001:00001e20       ??1?$_Deque_iterator@V?$_Deque_val@U?$_Deque_simple_types@UPlayerRecords@@@std@@@std@@@std@@QAE@XZ 10002e20 f i Aimbot.obj
 0001:00001e40       ??1?$_String_val@U?$_Simple_types@D@std@@@std@@QAE@XZ 10002e40 f i backtacking.obj
 0001:00001e40       ??1?$_Deque_const_iterator@V?$_Deque_val@U?$_Deque_simple_types@UPlayerRecords@@@std@@@std@@@std@@QAE@XZ 10002e40 f i Aimbot.obj
 0001:00001e40       ??1chams@@QAE@XZ           10002e40 f i Hooks.obj
 0001:00001e40       ??1?$_Ref_count_obj@UNode@NetvarTree@@@std@@UAE@XZ 10002e40 f i NetvarManager.obj
 0001:00001e60       ?_Mysize@?$_Deque_alloc@U?$_Deque_base_types@UPlayerRecords@@V?$allocator@UPlayerRecords@@@std@@@std@@@std@@QBEABIXZ 10002e60 f i Aimbot.obj
 0001:00001e60       ?_Mysize@?$_Deque_alloc@U?$_Deque_base_types@Ulc_record@@V?$allocator@Ulc_record@@@std@@@std@@@std@@QAEAAIXZ 10002e60 f i backtacking.obj
 0001:00001e60       ?_Mysize@?$_Deque_alloc@U?$_Deque_base_types@UPlayerRecords@@V?$allocator@UPlayerRecords@@@std@@@std@@@std@@QAEAAIXZ 10002e60 f i Aimbot.obj
 0001:00001e60       ?_Mysize@?$_Deque_alloc@U?$_Deque_base_types@Ulc_record@@V?$allocator@Ulc_record@@@std@@@std@@@std@@QBEABIXZ 10002e60 f i backtacking.obj
 0001:00001e80       ?_Myoff@?$_Deque_alloc@U?$_Deque_base_types@Ulc_record@@V?$allocator@Ulc_record@@@std@@@std@@@std@@QAEAAIXZ 10002e80 f i backtacking.obj
 0001:00001e80       ?_Myoff@?$_Deque_alloc@U?$_Deque_base_types@UPlayerRecords@@V?$allocator@UPlayerRecords@@@std@@@std@@@std@@QAEAAIXZ 10002e80 f i Aimbot.obj
 0001:00001ea0       ?_Myend@?$_Vector_alloc@U?$_Vec_base_types@PBDV?$allocator@PBD@std@@@std@@@std@@QBEABQAPBDXZ 10002ea0 f i Hooks.obj
 0001:00001ea0       ?_Myend@?$_Vector_alloc@U?$_Vec_base_types@PAV?$ConfigValue@_N@@V?$allocator@PAV?$ConfigValue@_N@@@std@@@std@@@std@@QAEAAPAPAV?$ConfigValue@_N@@XZ 10002ea0 f i cfgsaving.obj
 0001:00001ea0       ?_Myend@?$_Vector_alloc@U?$_Vec_base_types@VCMessage@@V?$allocator@VCMessage@@@std@@@std@@@std@@QAEAAPAVCMessage@@XZ 10002ea0 f i Event Logs.obj
 0001:00001ea0       ?_Myend@?$_Vector_alloc@U?$_Vec_base_types@HV?$allocator@H@std@@@std@@@std@@QAEAAPAHXZ 10002ea0 f i Aimbot.obj
 0001:00001ea0       ?_Myend@?$_Vector_alloc@U?$_Vec_base_types@V?$basic_string@DU?$char_traits@D@std@@V?$allocator@D@2@@std@@V?$allocator@V?$basic_string@DU?$char_traits@D@std@@V?$allocator@D@2@@std@@@2@@std@@@std@@QBEABQAV?$basic_string@DU?$char_traits@D@std@@V?$allocator@D@2@@2@XZ 10002ea0 f i Menu.obj
 0001:00001ea0       ?_Myend@?$_Vector_alloc@U?$_Vec_base_types@Vtrace_info@@V?$allocator@Vtrace_info@@@std@@@std@@@std@@QBEABQAVtrace_info@@XZ 10002ea0 f i Hooks.obj
 0001:00001ea0       ?_Myend@?$_Vector_alloc@U?$_Vec_base_types@PAV?$ConfigValue@M@@V?$allocator@PAV?$ConfigValue@M@@@std@@@std@@@std@@QAEAAPAPAV?$ConfigValue@M@@XZ 10002ea0 f i cfgsaving.obj
 0001:00001ea0       ?_Myend@?$_Vector_alloc@U?$_Vec_base_types@V?$_List_unchecked_iterator@V?$_List_val@U?$_List_simple_types@U?$pair@$$CBV?$basic_string@DU?$char_traits@D@std@@V?$allocator@D@2@@std@@V?$shared_ptr@UNode@NetvarTree@@@2@@std@@@std@@@std@@@std@@V?$allocator@V?$_List_unchecked_iterator@V?$_List_val@U?$_List_simple_types@U?$pair@$$CBV?$basic_string@DU?$char_traits@D@std@@V?$allocator@D@2@@std@@V?$shared_ptr@UNode@NetvarTree@@@2@@std@@@std@@@std@@@std@@@2@@std@@@std@@QAEAAPAV?$_List_unchecked_iterator@V?$_List_val@U?$_List_simple_types@U?$pair@$$CBV?$basic_string@DU?$char_traits@D@std@@V?$allocator@D@2@@std@@V?$shared_ptr@UNode@NetvarTree@@@2@@std@@@std@@@std@@@2@XZ 10002ea0 f i backtacking.obj
 0001:00001ea0       ?_Myend@?$_Vector_alloc@U?$_Vec_base_types@HV?$allocator@H@std@@@std@@@std@@QBEABQAHXZ 10002ea0 f i Aimbot.obj
 0001:00001ea0       ?_Myend@?$_Vector_alloc@U?$_Vec_base_types@V?$_List_unchecked_iterator@V?$_List_val@U?$_List_simple_types@U?$pair@$$CBV?$basic_string@DU?$char_traits@D@std@@V?$allocator@D@2@@std@@V?$shared_ptr@UNode@NetvarTree@@@2@@std@@@std@@@std@@@std@@V?$allocator@V?$_List_unchecked_iterator@V?$_List_val@U?$_List_simple_types@U?$pair@$$CBV?$basic_string@DU?$char_traits@D@std@@V?$allocator@D@2@@std@@V?$shared_ptr@UNode@NetvarTree@@@2@@std@@@std@@@std@@@std@@@2@@std@@@std@@QBEABQAV?$_List_unchecked_iterator@V?$_List_val@U?$_List_simple_types@U?$pair@$$CBV?$basic_string@DU?$char_traits@D@std@@V?$allocator@D@2@@std@@V?$shared_ptr@UNode@NetvarTree@@@2@@std@@@std@@@std@@@2@XZ 10002ea0 f i backtacking.obj
 0001:00001ea0       ?_Myend@?$_Vector_alloc@U?$_Vec_base_types@VCMessage@@V?$allocator@VCMessage@@@std@@@std@@@std@@QBEABQAVCMessage@@XZ 10002ea0 f i Event Logs.obj
 0001:00001ea0       ?_Myend@?$_Vector_alloc@U?$_Vec_base_types@Vtrace_info@@V?$allocator@Vtrace_info@@@std@@@std@@@std@@QAEAAPAVtrace_info@@XZ 10002ea0 f i Hooks.obj
 0001:00001ea0       ?_Myend@?$_Vector_alloc@U?$_Vec_base_types@PAVDot@@V?$allocator@PAVDot@@@std@@@std@@@std@@QBEABQAPAVDot@@XZ 10002ea0 f i dots.obj
 0001:00001ea0       ?_Myend@?$_Vector_alloc@U?$_Vec_base_types@PAV?$ConfigValue@H@@V?$allocator@PAV?$ConfigValue@H@@@std@@@std@@@std@@QBEABQAPAV?$ConfigValue@H@@XZ 10002ea0 f i cfgsaving.obj
 0001:00001ea0       ?_Myend@?$_Vector_alloc@U?$_Vec_base_types@PAV?$ConfigValue@_N@@V?$allocator@PAV?$ConfigValue@_N@@@std@@@std@@@std@@QBEABQAPAV?$ConfigValue@_N@@XZ 10002ea0 f i cfgsaving.obj
 0001:00001ea0       ?_Mapsize@?$_Deque_alloc@U?$_Deque_base_types@UPlayerRecords@@V?$allocator@UPlayerRecords@@@std@@@std@@@std@@QAEAAIXZ 10002ea0 f i LagComp.obj
 0001:00001ea0       ?_Mapsize@?$_Deque_alloc@U?$_Deque_base_types@Ulc_record@@V?$allocator@Ulc_record@@@std@@@std@@@std@@QAEAAIXZ 10002ea0 f i backtacking.obj
 0001:00001ea0       ?_Myend@?$_Vector_alloc@U?$_Vec_base_types@V?$basic_string@DU?$char_traits@D@std@@V?$allocator@D@2@@std@@V?$allocator@V?$basic_string@DU?$char_traits@D@std@@V?$allocator@D@2@@std@@@2@@std@@@std@@QAEAAPAV?$basic_string@DU?$char_traits@D@std@@V?$allocator@D@2@@2@XZ 10002ea0 f i Menu.obj
 0001:00001ea0       ?_Myend@?$_Vector_alloc@U?$_Vec_base_types@PAV?$ConfigValue@H@@V?$allocator@PAV?$ConfigValue@H@@@std@@@std@@@std@@QAEAAPAPAV?$ConfigValue@H@@XZ 10002ea0 f i cfgsaving.obj
 0001:00001ea0       ?_Myend@?$_Vector_alloc@U?$_Vec_base_types@PAV?$ConfigValue@M@@V?$allocator@PAV?$ConfigValue@M@@@std@@@std@@@std@@QBEABQAPAV?$ConfigValue@M@@XZ 10002ea0 f i cfgsaving.obj
 0001:00001ea0       ?_Myend@?$_Vector_alloc@U?$_Vec_base_types@PBDV?$allocator@PBD@std@@@std@@@std@@QAEAAPAPBDXZ 10002ea0 f i Hooks.obj
 0001:00001ea0       ?_Myend@?$_Vector_alloc@U?$_Vec_base_types@PAVDot@@V?$allocator@PAVDot@@@std@@@std@@@std@@QAEAAPAPAVDot@@XZ 10002ea0 f i dots.obj
 0001:00001ec0       ?_Mylast@?$_Vector_alloc@U?$_Vec_base_types@PAV?$ConfigValue@H@@V?$allocator@PAV?$ConfigValue@H@@@std@@@std@@@std@@QAEAAPAPAV?$ConfigValue@H@@XZ 10002ec0 f i cfgsaving.obj
 0001:00001ec0       ?_Map@?$_Deque_alloc@U?$_Deque_base_types@Ulc_record@@V?$allocator@Ulc_record@@@std@@@std@@@std@@QAEAAPAPAUlc_record@@XZ 10002ec0 f i backtacking.obj
 0001:00001ec0       ?_Mylast@?$_Vector_alloc@U?$_Vec_base_types@V?$_List_unchecked_iterator@V?$_List_val@U?$_List_simple_types@U?$pair@$$CBV?$basic_string@DU?$char_traits@D@std@@V?$allocator@D@2@@std@@V?$shared_ptr@UNode@NetvarTree@@@2@@std@@@std@@@std@@@std@@V?$allocator@V?$_List_unchecked_iterator@V?$_List_val@U?$_List_simple_types@U?$pair@$$CBV?$basic_string@DU?$char_traits@D@std@@V?$allocator@D@2@@std@@V?$shared_ptr@UNode@NetvarTree@@@2@@std@@@std@@@std@@@std@@@2@@std@@@std@@QAEAAPAV?$_List_unchecked_iterator@V?$_List_val@U?$_List_simple_types@U?$pair@$$CBV?$basic_string@DU?$char_traits@D@std@@V?$allocator@D@2@@std@@V?$shared_ptr@UNode@NetvarTree@@@2@@std@@@std@@@std@@@2@XZ 10002ec0 f i backtacking.obj
 0001:00001ec0       ?_Mylast@?$_Vector_alloc@U?$_Vec_base_types@PBDV?$allocator@PBD@std@@@std@@@std@@QAEAAPAPBDXZ 10002ec0 f i Hooks.obj
 0001:00001ec0       ?_Mylast@?$_Vector_alloc@U?$_Vec_base_types@V?$basic_string@DU?$char_traits@D@std@@V?$allocator@D@2@@std@@V?$allocator@V?$basic_string@DU?$char_traits@D@std@@V?$allocator@D@2@@std@@@2@@std@@@std@@QBEABQAV?$basic_string@DU?$char_traits@D@std@@V?$allocator@D@2@@2@XZ 10002ec0 f i Menu.obj
 0001:00001ec0       ?_Mylast@?$_Vector_alloc@U?$_Vec_base_types@PAV?$ConfigValue@_N@@V?$allocator@PAV?$ConfigValue@_N@@@std@@@std@@@std@@QAEAAPAPAV?$ConfigValue@_N@@XZ 10002ec0 f i cfgsaving.obj
 0001:00001ec0       ?_Mysize@?$_List_alloc@U?$_List_base_types@U?$pair@$$CBV?$basic_string@DU?$char_traits@D@std@@V?$allocator@D@2@@std@@V?$shared_ptr@UNode@NetvarTree@@@2@@std@@V?$allocator@U?$pair@$$CBV?$basic_string@DU?$char_traits@D@std@@V?$allocator@D@2@@std@@V?$shared_ptr@UNode@NetvarTree@@@2@@std@@@2@@std@@@std@@QAEAAIXZ 10002ec0 f i backtacking.obj
 0001:00001ec0       ?_Mylast@?$_Vector_alloc@U?$_Vec_base_types@PAV?$ConfigValue@M@@V?$allocator@PAV?$ConfigValue@M@@@std@@@std@@@std@@QAEAAPAPAV?$ConfigValue@M@@XZ 10002ec0 f i cfgsaving.obj
 0001:00001ec0       ?_Mylast@?$_Vector_alloc@U?$_Vec_base_types@PAV?$ConfigValue@_N@@V?$allocator@PAV?$ConfigValue@_N@@@std@@@std@@@std@@QBEABQAPAV?$ConfigValue@_N@@XZ 10002ec0 f i cfgsaving.obj
 0001:00001ec0       ?_Mysize@?$_List_alloc@U?$_List_base_types@U?$pair@$$CBV?$basic_string@DU?$char_traits@D@std@@V?$allocator@D@2@@std@@V?$shared_ptr@UNode@NetvarTree@@@2@@std@@V?$allocator@U?$pair@$$CBV?$basic_string@DU?$char_traits@D@std@@V?$allocator@D@2@@std@@V?$shared_ptr@UNode@NetvarTree@@@2@@std@@@2@@std@@@std@@QBEABIXZ 10002ec0 f i backtacking.obj
 0001:00001ec0       ?_Mylast@?$_Vector_alloc@U?$_Vec_base_types@HV?$allocator@H@std@@@std@@@std@@QBEABQAHXZ 10002ec0 f i Aimbot.obj
 0001:00001ec0       ?_Mylast@?$_Vector_alloc@U?$_Vec_base_types@PAVDot@@V?$allocator@PAVDot@@@std@@@std@@@std@@QBEABQAPAVDot@@XZ 10002ec0 f i dots.obj
 0001:00001ec0       ?_Mylast@?$_Vector_alloc@U?$_Vec_base_types@V?$_List_unchecked_iterator@V?$_List_val@U?$_List_simple_types@U?$pair@$$CBV?$basic_string@DU?$char_traits@D@std@@V?$allocator@D@2@@std@@V?$shared_ptr@UNode@NetvarTree@@@2@@std@@@std@@@std@@@std@@V?$allocator@V?$_List_unchecked_iterator@V?$_List_val@U?$_List_simple_types@U?$pair@$$CBV?$basic_string@DU?$char_traits@D@std@@V?$allocator@D@2@@std@@V?$shared_ptr@UNode@NetvarTree@@@2@@std@@@std@@@std@@@std@@@2@@std@@@std@@QBEABQAV?$_List_unchecked_iterator@V?$_List_val@U?$_List_simple_types@U?$pair@$$CBV?$basic_string@DU?$char_traits@D@std@@V?$allocator@D@2@@std@@V?$shared_ptr@UNode@NetvarTree@@@2@@std@@@std@@@std@@@2@XZ 10002ec0 f i backtacking.obj
 0001:00001ec0       ?_Mylast@?$_Vector_alloc@U?$_Vec_base_types@Vtrace_info@@V?$allocator@Vtrace_info@@@std@@@std@@@std@@QAEAAPAVtrace_info@@XZ 10002ec0 f i Hooks.obj
 0001:00001ec0       ?_Mylast@?$_Vector_alloc@U?$_Vec_base_types@PAVDot@@V?$allocator@PAVDot@@@std@@@std@@@std@@QAEAAPAPAVDot@@XZ 10002ec0 f i dots.obj
 0001:00001ec0       ?_Mylast@?$_Vector_alloc@U?$_Vec_base_types@V?$basic_string@DU?$char_traits@D@std@@V?$allocator@D@2@@std@@V?$allocator@V?$basic_string@DU?$char_traits@D@std@@V?$allocator@D@2@@std@@@2@@std@@@std@@QAEAAPAV?$basic_string@DU?$char_traits@D@std@@V?$allocator@D@2@@2@XZ 10002ec0 f i Menu.obj
 0001:00001ec0       ?_Mylast@?$_Vector_alloc@U?$_Vec_base_types@VCMessage@@V?$allocator@VCMessage@@@std@@@std@@@std@@QAEAAPAVCMessage@@XZ 10002ec0 f i Event Logs.obj
 0001:00001ec0       ?_Mylast@?$_Vector_alloc@U?$_Vec_base_types@HV?$allocator@H@std@@@std@@@std@@QAEAAPAHXZ 10002ec0 f i Aimbot.obj
 0001:00001ec0       ?_Mylast@?$_Vector_alloc@U?$_Vec_base_types@VCMessage@@V?$allocator@VCMessage@@@std@@@std@@@std@@QBEABQAVCMessage@@XZ 10002ec0 f i Event Logs.obj
 0001:00001ec0       ?_Mylast@?$_Vector_alloc@U?$_Vec_base_types@PAV?$ConfigValue@H@@V?$allocator@PAV?$ConfigValue@H@@@std@@@std@@@std@@QBEABQAPAV?$ConfigValue@H@@XZ 10002ec0 f i cfgsaving.obj
 0001:00001ec0       ?_Map@?$_Deque_alloc@U?$_Deque_base_types@UPlayerRecords@@V?$allocator@UPlayerRecords@@@std@@@std@@@std@@QAEAAPAPAUPlayerRecords@@XZ 10002ec0 f i LagComp.obj
 0001:00001ec0       ?_Mylast@?$_Vector_alloc@U?$_Vec_base_types@Vtrace_info@@V?$allocator@Vtrace_info@@@std@@@std@@@std@@QBEABQAVtrace_info@@XZ 10002ec0 f i Hooks.obj
 0001:00001ec0       ?_Mylast@?$_Vector_alloc@U?$_Vec_base_types@PAV?$ConfigValue@M@@V?$allocator@PAV?$ConfigValue@M@@@std@@@std@@@std@@QBEABQAPAV?$ConfigValue@M@@XZ 10002ec0 f i cfgsaving.obj
 0001:00001ee0       ?_Myptr@?$_Unique_ptr_base@VShadowVTManager@@U?$default_delete@VShadowVTManager@@@std@@@std@@QBEABQAVShadowVTManager@@XZ 10002ee0 f i Hooks.obj
 0001:00001ee0       ?_Getal@?$_String_alloc@U?$_String_base_types@DV?$allocator@D@std@@@std@@@std@@QAEAAV?$allocator@D@2@XZ 10002ee0 f i backtacking.obj
 0001:00001ee0       ?_Myptr@?$_Unique_ptr_base@VVMTHook@@U?$default_delete@VVMTHook@@@std@@@std@@QBEABQAVVMTHook@@XZ 10002ee0 f i Hooks.obj
 0001:00001ee0       ?_Getal@?$_Vector_alloc@U?$_Vec_base_types@VCMessage@@V?$allocator@VCMessage@@@std@@@std@@@std@@QAEAAV?$allocator@VCMessage@@@2@XZ 10002ee0 f i Event Logs.obj
 0001:00001ee0       ?_Getal@?$_Vector_alloc@U?$_Vec_base_types@PAV?$ConfigValue@M@@V?$allocator@PAV?$ConfigValue@M@@@std@@@std@@@std@@QBEABV?$allocator@PAV?$ConfigValue@M@@@2@XZ 10002ee0 f i cfgsaving.obj
 0001:00001ee0       ?_Get_data@?$_Vector_alloc@U?$_Vec_base_types@PAV?$ConfigValue@M@@V?$allocator@PAV?$ConfigValue@M@@@std@@@std@@@std@@QBEABV?$_Vector_val@U?$_Simple_types@PAV?$ConfigValue@M@@@std@@@2@XZ 10002ee0 f i cfgsaving.obj
 0001:00001ee0       ?_Getal@?$_Vector_alloc@U?$_Vec_base_types@PBDV?$allocator@PBD@std@@@std@@@std@@QBEABV?$allocator@PBD@2@XZ 10002ee0 f i Hooks.obj
 0001:00001ee0       ?_Myptr@?$_Unique_ptr_base@VNetvarTree@@U?$default_delete@VNetvarTree@@@std@@@std@@QBEABQAVNetvarTree@@XZ 10002ee0 f i backtacking.obj
 0001:00001ee0       ?_Myptr@?$_Unique_ptr_base@VNetvarTree@@U?$default_delete@VNetvarTree@@@std@@@std@@QAEAAPAVNetvarTree@@XZ 10002ee0 f i Hooks.obj
 0001:00001ee0       ?_Get_data@?$_Vector_alloc@U?$_Vec_base_types@V?$_List_unchecked_iterator@V?$_List_val@U?$_List_simple_types@U?$pair@$$CBV?$basic_string@DU?$char_traits@D@std@@V?$allocator@D@2@@std@@V?$shared_ptr@UNode@NetvarTree@@@2@@std@@@std@@@std@@@std@@V?$allocator@V?$_List_unchecked_iterator@V?$_List_val@U?$_List_simple_types@U?$pair@$$CBV?$basic_string@DU?$char_traits@D@std@@V?$allocator@D@2@@std@@V?$shared_ptr@UNode@NetvarTree@@@2@@std@@@std@@@std@@@std@@@2@@std@@@std@@QBEABV?$_Vector_val@U?$_Simple_types@V?$_List_unchecked_iterator@V?$_List_val@U?$_List_simple_types@U?$pair@$$CBV?$basic_string@DU?$char_traits@D@std@@V?$allocator@D@2@@std@@V?$shared_ptr@UNode@NetvarTree@@@2@@std@@@std@@@std@@@std@@@std@@@2@XZ 10002ee0 f i backtacking.obj
 0001:00001ee0       ?get_deleter@?$_Unique_ptr_base@VShadowVTManager@@U?$default_delete@VShadowVTManager@@@std@@@std@@QAEAAU?$default_delete@VShadowVTManager@@@2@XZ 10002ee0 f i Hooks.obj
 0001:00001ee0       ?_Get_data@?$_Vector_alloc@U?$_Vec_base_types@PAV?$ConfigValue@H@@V?$allocator@PAV?$ConfigValue@H@@@std@@@std@@@std@@QAEAAV?$_Vector_val@U?$_Simple_types@PAV?$ConfigValue@H@@@std@@@2@XZ 10002ee0 f i cfgsaving.obj
 0001:00001ee0       ?_Getal@?$_Vector_alloc@U?$_Vec_base_types@VCMessage@@V?$allocator@VCMessage@@@std@@@std@@@std@@QBEABV?$allocator@VCMessage@@@2@XZ 10002ee0 f i Event Logs.obj
 0001:00001ee0       ?_Get_data@?$_Vector_alloc@U?$_Vec_base_types@Vtrace_info@@V?$allocator@Vtrace_info@@@std@@@std@@@std@@QBEABV?$_Vector_val@U?$_Simple_types@Vtrace_info@@@std@@@2@XZ 10002ee0 f i Hooks.obj
 0001:00001ee0       ?_Get_data@?$_Deque_alloc@U?$_Deque_base_types@Ulc_record@@V?$allocator@Ulc_record@@@std@@@std@@@std@@QAEAAV?$_Deque_val@U?$_Deque_simple_types@Ulc_record@@@std@@@2@XZ 10002ee0 f i backtacking.obj
 0001:00001ee0       ?_Get_data@?$_Vector_alloc@U?$_Vec_base_types@V?$basic_string@DU?$char_traits@D@std@@V?$allocator@D@2@@std@@V?$allocator@V?$basic_string@DU?$char_traits@D@std@@V?$allocator@D@2@@std@@@2@@std@@@std@@QAEAAV?$_Vector_val@U?$_Simple_types@V?$basic_string@DU?$char_traits@D@std@@V?$allocator@D@2@@std@@@std@@@2@XZ 10002ee0 f i Menu.obj
 0001:00001ee0       ?_Get_data@?$_Deque_alloc@U?$_Deque_base_types@UPlayerRecords@@V?$allocator@UPlayerRecords@@@std@@@std@@@std@@QAEAAV?$_Deque_val@U?$_Deque_simple_types@UPlayerRecords@@@std@@@2@XZ 10002ee0 f i Aimbot.obj
 0001:00001ee0       ?_Get_data@?$_Deque_alloc@U?$_Deque_base_types@Ulc_record@@V?$allocator@Ulc_record@@@std@@@std@@@std@@QBEABV?$_Deque_val@U?$_Deque_simple_types@Ulc_record@@@std@@@2@XZ 10002ee0 f i backtacking.obj
 0001:00001ee0       ?_Myptr@?$_Unique_ptr_base@VVMTHook@@U?$default_delete@VVMTHook@@@std@@@std@@QAEAAPAVVMTHook@@XZ 10002ee0 f i Hooks.obj
 0001:00001ee0       ?_Getal@?$_Vector_alloc@U?$_Vec_base_types@V?$_List_unchecked_iterator@V?$_List_val@U?$_List_simple_types@U?$pair@$$CBV?$basic_string@DU?$char_traits@D@std@@V?$allocator@D@2@@std@@V?$shared_ptr@UNode@NetvarTree@@@2@@std@@@std@@@std@@@std@@V?$allocator@V?$_List_unchecked_iterator@V?$_List_val@U?$_List_simple_types@U?$pair@$$CBV?$basic_string@DU?$char_traits@D@std@@V?$allocator@D@2@@std@@V?$shared_ptr@UNode@NetvarTree@@@2@@std@@@std@@@std@@@std@@@2@@std@@@std@@QAEAAV?$allocator@V?$_List_unchecked_iterator@V?$_List_val@U?$_List_simple_types@U?$pair@$$CBV?$basic_string@DU?$char_traits@D@std@@V?$allocator@D@2@@std@@V?$shared_ptr@UNode@NetvarTree@@@2@@std@@@std@@@std@@@std@@@2@XZ 10002ee0 f i backtacking.obj
 0001:00001ee0       ?_Getal@?$_List_alloc@U?$_List_base_types@U?$pair@$$CBV?$basic_string@DU?$char_traits@D@std@@V?$allocator@D@2@@std@@V?$shared_ptr@UNode@NetvarTree@@@2@@std@@V?$allocator@U?$pair@$$CBV?$basic_string@DU?$char_traits@D@std@@V?$allocator@D@2@@std@@V?$shared_ptr@UNode@NetvarTree@@@2@@std@@@2@@std@@@std@@QAEAAV?$allocator@U?$_List_node@U?$pair@$$CBV?$basic_string@DU?$char_traits@D@std@@V?$allocator@D@2@@std@@V?$shared_ptr@UNode@NetvarTree@@@2@@std@@PAX@std@@@2@XZ 10002ee0 f i backtacking.obj
 0001:00001ee0       ?_Get_data@?$_Vector_alloc@U?$_Vec_base_types@PAVDot@@V?$allocator@PAVDot@@@std@@@std@@@std@@QAEAAV?$_Vector_val@U?$_Simple_types@PAVDot@@@std@@@2@XZ 10002ee0 f i dots.obj
 0001:00001ee0       ?_Get_data@?$_Vector_alloc@U?$_Vec_base_types@PAV?$ConfigValue@_N@@V?$allocator@PAV?$ConfigValue@_N@@@std@@@std@@@std@@QAEAAV?$_Vector_val@U?$_Simple_types@PAV?$ConfigValue@_N@@@std@@@2@XZ 10002ee0 f i cfgsaving.obj
 0001:00001ee0       ?_Getal@?$_Vector_alloc@U?$_Vec_base_types@V?$basic_string@DU?$char_traits@D@std@@V?$allocator@D@2@@std@@V?$allocator@V?$basic_string@DU?$char_traits@D@std@@V?$allocator@D@2@@std@@@2@@std@@@std@@QAEAAV?$allocator@V?$basic_string@DU?$char_traits@D@std@@V?$allocator@D@2@@std@@@2@XZ 10002ee0 f i Menu.obj
 0001:00001ee0       ?get_deleter@?$_Unique_ptr_base@VNetvarTree@@U?$default_delete@VNetvarTree@@@std@@@std@@QAEAAU?$default_delete@VNetvarTree@@@2@XZ 10002ee0 f i Hooks.obj
 0001:00001ee0       ?get_deleter@?$_Unique_ptr_base@VVMTHook@@U?$default_delete@VVMTHook@@@std@@@std@@QAEAAU?$default_delete@VVMTHook@@@2@XZ 10002ee0 f i Hooks.obj
 0001:00001ee0       ?_Getal@?$_Vector_alloc@U?$_Vec_base_types@PAV?$ConfigValue@H@@V?$allocator@PAV?$ConfigValue@H@@@std@@@std@@@std@@QBEABV?$allocator@PAV?$ConfigValue@H@@@2@XZ 10002ee0 f i cfgsaving.obj
 0001:00001ee0       ?_Getal@?$_Vector_alloc@U?$_Vec_base_types@HV?$allocator@H@std@@@std@@@std@@QAEAAV?$allocator@H@2@XZ 10002ee0 f i Aimbot.obj
 0001:00001ee0       ?_Getal@?$_Vector_alloc@U?$_Vec_base_types@HV?$allocator@H@std@@@std@@@std@@QBEABV?$allocator@H@2@XZ 10002ee0 f i Aimbot.obj
 0001:00001ee0       ?_Get_data@?$_Vector_alloc@U?$_Vec_base_types@VCMessage@@V?$allocator@VCMessage@@@std@@@std@@@std@@QBEABV?$_Vector_val@U?$_Simple_types@VCMessage@@@std@@@2@XZ 10002ee0 f i Event Logs.obj
 0001:00001ee0       ?_Getal@?$_Vector_alloc@U?$_Vec_base_types@V?$_List_unchecked_iterator@V?$_List_val@U?$_List_simple_types@U?$pair@$$CBV?$basic_string@DU?$char_traits@D@std@@V?$allocator@D@2@@std@@V?$shared_ptr@UNode@NetvarTree@@@2@@std@@@std@@@std@@@std@@V?$allocator@V?$_List_unchecked_iterator@V?$_List_val@U?$_List_simple_types@U?$pair@$$CBV?$basic_string@DU?$char_traits@D@std@@V?$allocator@D@2@@std@@V?$shared_ptr@UNode@NetvarTree@@@2@@std@@@std@@@std@@@std@@@2@@std@@@std@@QBEABV?$allocator@V?$_List_unchecked_iterator@V?$_List_val@U?$_List_simple_types@U?$pair@$$CBV?$basic_string@DU?$char_traits@D@std@@V?$allocator@D@2@@std@@V?$shared_ptr@UNode@NetvarTree@@@2@@std@@@std@@@std@@@std@@@2@XZ 10002ee0 f i backtacking.obj
[...]
 0003:0018e0c0       ?vec2_origin@@3VVector2D@@B 101d20c0     Hooks.obj
 0003:0018f8c8       ?w_printf@XorCompileTime@@3V<lambda>@@A 101d38c8     Hooks.obj
 0003:0018f8c9       ?w_printf_s@XorCompileTime@@3V<lambda>@@A 101d38c9     Hooks.obj
 0003:0018f8ca       ?w_sprintf_s@XorCompileTime@@3V<lambda>@@A 101d38ca     Hooks.obj
 0003:0018f8cb       ?w_sprintf@XorCompileTime@@3V<lambda>@@A 101d38cb     Hooks.obj
 0003:0018f8ec       ?prefix@@3V?$basic_string@DU?$char_traits@D@std@@V?$allocator@D@2@@std@@A 101d38ec     Hooks.obj
 0003:0018f904       ?w_printf@XorCompileTime@@3V<lambda>@@A 101d3904     Menu.obj
 0003:0018f905       ?w_printf_s@XorCompileTime@@3V<lambda>@@A 101d3905     Menu.obj
 0003:0018f906       ?w_sprintf_s@XorCompileTime@@3V<lambda>@@A 101d3906     Menu.obj
 0003:0018f907       ?w_sprintf@XorCompileTime@@3V<lambda>@@A 101d3907     Menu.obj
 0003:0018fa30       ?vec2_origin@@3VVector2D@@B 101d3a30     DLLMain.obj
 0003:0018ff3c       ?vec2_origin@@3VVector2D@@B 101d3f3c     Menu.obj
 0003:0018ff44       ?vec2_origin@@3VVector2D@@B 101d3f44     cfgsaving.obj
 0003:0018ff50       ?vec2_origin@@3VVector2D@@B 101d3f50     CEntity.obj
 0003:001954d8       ?vec2_origin@@3VVector2D@@B 101d94d8     GlobalVars.obj
 0003:001957ec       ?vec2_origin@@3VVector2D@@B 101d97ec     Interfaces.obj
 0003:001957f4       ?vec2_origin@@3VVector2D@@B 101d97f4     Math.obj
 0003:00195800       ?vec2_origin@@3VVector2D@@B 101d9800     ESP.obj
 0003:00195a50       ?vec2_origin@@3VVector2D@@B 101d9a50     engine_prediction.obj
 0003:00195a58       ?scene_end@@3_NA           101d9a58     Hooks.obj
 0003:00195a5c       ?add@@3HA                  101d9a5c     ESP.obj
 0003:00195a68       ?created@?1??create_material@chams@@QAEPAVIMaterial@@_N00@Z@4HA 101d9a68     chams.obj
 0003:00195a74       ?_panel@?1??PaintTraverse@Hooks@@SIXPAXHI_N1@Z@4IA 101d9a74     Hooks.obj
 0003:00195a7c       ?ViewModel_X_Backup@?4??OverrideView@Hooks@@SIXPAX0PAVCViewSetup@@@Z@4MA 101d9a7c     Hooks.obj
 0003:00195c20       ?ViewModel_Y_Backup@?4??OverrideView@Hooks@@SIXPAX0PAVCViewSetup@@@Z@4MA 101d9c20     Hooks.obj
 0003:00195c24       ?once@?1??PaintTraverse@Hooks@@SIXPAXHI_N1@Z@4_NA 101d9c24     Hooks.obj
 0003:00195c3c       ?ViewModel_Z_Backup@?4??OverrideView@Hooks@@SIXPAX0PAVCViewSetup@@@Z@4MA 101d9c3c     Hooks.obj
 0003:00195c4c       ?Dragging@?1??Render@Menu@@QAEXXZ@4_NA 101d9c4c     Menu.obj
 0003:00195c4d       ?multiPressed@?1??MultiComboBox@Menu@@AAEXV?$basic_string@DU?$char_traits@D@std@@V?$allocator@D@2@@std@@V?$vector@V?$basic_string@DU?$char_traits@D@std@@V?$allocator@D@2@@std@@V?$allocator@V?$basic_string@DU?$char_traits@D@std@@V?$allocator@D@2@@std@@@2@@4@PA_N@Z@4_NA 101d9c4d     Menu.obj
 0003:00195c4e       ?selectedOpened@?1??MultiComboBox@Menu@@AAEXV?$basic_string@DU?$char_traits@D@std@@V?$allocator@D@2@@std@@V?$vector@V?$basic_string@DU?$char_traits@D@std@@V?$allocator@D@2@@std@@V?$allocator@V?$basic_string@DU?$char_traits@D@std@@V?$allocator@D@2@@std@@@2@@4@PA_N@Z@4_NA 101d9c4e     Menu.obj
 0003:00195c4f       ?selectedOpened@?1??Listbox@Menu@@AAEXV?$basic_string@DU?$char_traits@D@std@@V?$allocator@D@2@@std@@V?$vector@V?$basic_string@DU?$char_traits@D@std@@V?$allocator@D@2@@std@@V?$allocator@V?$basic_string@DU?$char_traits@D@std@@V?$allocator@D@2@@std@@@2@@4@PAH@Z@4_NA 101d9c4f     Menu.obj
 0003:00195c50       ?pressed@?1??CheckBox@Menu@@AAEXV?$basic_string@DU?$char_traits@D@std@@V?$allocator@D@2@@std@@PA_N@Z@4_NA 101d9c50     Menu.obj
 0003:00195c51       ?pressed_subtract@?1??Slider@Menu@@AAEXHV?$basic_string@DU?$char_traits@D@std@@V?$allocator@D@2@@std@@PAHH@Z@4_NA 101d9c51     Menu.obj
 0003:00195c52       ?selectedOpened@?1??ComboBox@Menu@@AAEXV?$basic_string@DU?$char_traits@D@std@@V?$allocator@D@2@@std@@V?$vector@V?$basic_string@DU?$char_traits@D@std@@V?$allocator@D@2@@std@@V?$allocator@V?$basic_string@DU?$char_traits@D@std@@V?$allocator@D@2@@std@@@2@@4@PAH@Z@4_NA 101d9c52     Menu.obj
 0003:00195c53       ?pressed_add@?1??Slider@Menu@@AAEXHV?$basic_string@DU?$char_traits@D@std@@V?$allocator@D@2@@std@@PAHH@Z@4_NA 101d9c53     Menu.obj
 0003:00195c55       ?selectedOpened@?1??ColorPicker@Menu@@AAEXV?$basic_string@DU?$char_traits@D@std@@V?$allocator@D@2@@std@@AAUColorV2@@H@Z@4_NA 101d9c55     Menu.obj
 0003:00195c64       ?value@?FF@??Render@Menu@@QAEXXZ@4HA 101d9c64     Menu.obj
 0003:00195c68       ?Pressed@?1??Render@Menu@@QAEXXZ@4_NA 101d9c68     Menu.obj
 0003:00195c69       ?_dragging@?4??spectators_list@Menu@@AAEXXZ@4_NA 101d9c69     Menu.obj
 0003:00195c6a       ?_dragging@?1??draw_radar@Menu@@AAEXXZ@4_NA 101d9c6a     Menu.obj
 0003:00195c6b       ?_resizing@?1??draw_radar@Menu@@AAEXXZ@4_NA 101d9c6b     Menu.obj
 0003:00195c6c       ?pressed@?1??Button@Menu@@AAEXV?$basic_string@DU?$char_traits@D@std@@V?$allocator@D@2@@std@@PA_NH@Z@4_NA 101d9c6c     Menu.obj
 0003:00195c90       ?BaimShot@?1??ShouldBaim@@YA_NPAVC_BaseEntity@@@Z@4PA_NA 101d9c90     Aimbot.obj
 0003:00195cd8       ?oldSimtime@?1??ShouldBaim@@YA_NPAVC_BaseEntity@@@Z@4PAMA 101d9cd8     Aimbot.obj
 0003:00195de0       ?ShotTime@?1??ShouldBaim@@YA_NPAVC_BaseEntity@@@Z@4PAMA 101d9de0     Aimbot.obj
 0003:00195ee8       ?storedSimtime@?1??ShouldBaim@@YA_NPAVC_BaseEntity@@@Z@4PAMA 101d9ee8     Aimbot.obj
 0003:00195ff0       ?NextShotTime@?1??ShouldBaim@@YA_NPAVC_BaseEntity@@@Z@4PAMA 101d9ff0     Aimbot.obj
 0003:001960f4       ?$TSS0@?1??UTIL_ClipTraceToPlayers@@YAXABVVector@@0IPAVITraceFilter@@PAUC_Trace@@@Z@4HA 101da0f4     Autowall.obj
 0003:001960f8       ?dwAddress@?1??UTIL_ClipTraceToPlayers@@YAXABVVector@@0IPAVITraceFilter@@PAUC_Trace@@@Z@4KA 101da0f8     Autowall.obj
 0003:001960fc       ?oTraceToExit@?1??TraceToExitalt@@YA_NAAVVector@@AAUC_Trace@@V2@2PAU3@@Z@4P6I_N01MMMMMM3@ZA 101da0fc     Autowall.obj
 0003:00196100       ?$TSS0@?1??TraceToExitalt@@YA_NAAVVector@@AAUC_Trace@@V2@2PAU3@@Z@4HA 101da100     Autowall.obj
 0003:00196108       ?OldSimtime@?1??StoreRecord@LagComp@@QAEXPAVC_BaseEntity@@@Z@4PAMA 101da108     LagComp.obj
 0003:00196210       ?ShotTime@?1??StoreRecord@LagComp@@QAEXPAVC_BaseEntity@@@Z@4PAMA 101da210     LagComp.obj
 0003:00196314       ?FinalAngle@?1??FreeStanding@@YAXXZ@4MA 101da314     AntiAim.obj
 0003:00196318       ?width@?1??DrawBackDrop@Drop@@YAXXZ@4HA 101da318     dots.obj
 0003:0019631c       ?height@?1??DrawBackDrop@Drop@@YAXXZ@4HA 101da31c     dots.obj
 0003:00196320       ?address@?1??LoadFromBuffer@@YAXPAVKeyValues@@V?$basic_string@DU?$char_traits@D@std@@V?$allocator@D@2@@std@@1@Z@4IA 101da320     chams.obj
 0003:00196324       ?$TSS0@?1??InitKeyValues@@YAXPAVKeyValues@@V?$basic_string@DU?$char_traits@D@std@@V?$allocator@D@2@@std@@@Z@4HA 101da324     chams.obj
 0003:00196328       ?$TSS0@?1??LoadFromBuffer@@YAXPAVKeyValues@@V?$basic_string@DU?$char_traits@D@std@@V?$allocator@D@2@@std@@1@Z@4HA 101da328     chams.obj
 0003:0019632c       ?address@?1??InitKeyValues@@YAXPAVKeyValues@@V?$basic_string@DU?$char_traits@D@std@@V?$allocator@D@2@@std@@@Z@4IA 101da32c     chams.obj
 0003:00196330       ?texture@?1??SceneEnd@Hooks@@SIXPAX0@Z@4PAVIMaterial@@A 101da330     Hooks.obj
 0003:00196334       ?$TSS0@?1??FrameStageNotify@Hooks@@SGXW4ClientFrameStage_t@@@Z@4HA 101da334     Hooks.obj
 0003:00196338       ?texture_xqz@?1??SceneEnd@Hooks@@SIXPAX0@Z@4PAVIMaterial@@A 101da338     Hooks.obj
 0003:0019633c       ?ViewModel_X_Var@?4??OverrideView@Hooks@@SIXPAX0PAVCViewSetup@@@Z@4PAVConVar@@A 101da33c     Hooks.obj
 0003:00196340       ?oFrameStage@?1??FrameStageNotify@Hooks@@SGXW4ClientFrameStage_t@@@Z@4P6GX0@ZA 101da340     Hooks.obj
 0003:00196344       ?$TSS1@?1??DrawModelExecute@Hooks@@SIXPAX0PAVIMatRenderContext@@ABUDrawModelState_t@@ABUModelRenderInfo_t@@PAVmatrix3x4_t@@@Z@4HA 101da344     Hooks.obj
 0003:00196348       ?$TSS1@?1??SceneEnd@Hooks@@SIXPAX0@Z@4HA 101da348     Hooks.obj
 0003:0019634c       ?$TSS0@?1??CreateMove@Hooks@@SI_NPAVIClientMode@@PAXMPAVCUserCmd@@@Z@4HA 101da34c     Hooks.obj
 0003:00196350       ?$TSS0@?1??LockCursor@Hooks@@SIXPAVISurface@@PAX@Z@4HA 101da350     Hooks.obj
 0003:00196354       ?oCreateMove@?1??CreateMove@Hooks@@SI_NPAVIClientMode@@PAXMPAVCUserCmd@@@Z@4P6I_N01M2@ZA 101da354     Hooks.obj
 0003:00196358       ?$TSS3@?BH@??PaintTraverse@Hooks@@SIXPAXHI_N1@Z@4HA 101da358     Hooks.obj
 0003:0019635c       ?$TSS2@?1??DrawModelExecute@Hooks@@SIXPAX0PAVIMatRenderContext@@ABUDrawModelState_t@@ABUModelRenderInfo_t@@PAVmatrix3x4_t@@@Z@4HA 101da35c     Hooks.obj
 0003:00196360       ?oSceneEnd@?1??SceneEnd@Hooks@@SIXPAX0@Z@4P6IX00@ZA 101da360     Hooks.obj
 0003:00196364       ?cur_clantag@?1??animated_tag@@YAXXZ@4V?$basic_string@DU?$char_traits@D@std@@V?$allocator@D@2@@std@@A 101da364     Hooks.obj
 0003:0019637c       ?texture@?1??DrawModelExecute@Hooks@@SIXPAX0PAVIMatRenderContext@@ABUDrawModelState_t@@ABUModelRenderInfo_t@@PAVmatrix3x4_t@@@Z@4PAVIMaterial@@A 101da37c     Hooks.obj
 0003:00196384       ?$TSS0@?1??clan_tag@@YAXPBD@Z@4HA 101da384     Hooks.obj
 0003:00196388       ?oOverrideView@?1??OverrideView@Hooks@@SIXPAX0PAVCViewSetup@@@Z@4P6IX001@ZA 101da388     Hooks.obj
 0003:00196390       ?set_clan_tag@?1??clan_tag@@YAXPBD@Z@4P6IX00@ZA 101da390     Hooks.obj
 0003:00196398       ?$TSS0@?1??SceneEnd@Hooks@@SIXPAX0@Z@4HA 101da398     Hooks.obj
 0003:0019639c       ?$TSS0@?1??PaintTraverse@Hooks@@SIXPAXHI_N1@Z@4HA 101da39c     Hooks.obj
 0003:001963a0       ?smokecout@?BH@??PaintTraverse@Hooks@@SIXPAXHI_N1@Z@4KA 101da3a0     Hooks.obj
 0003:001963a4       ?smoke_materials@?BH@??PaintTraverse@Hooks@@SIXPAXHI_N1@Z@4V?$vector@PBDV?$allocator@PBD@std@@@std@@A 101da3a4     Hooks.obj
 0003:001963b0       ?$TSS2@?4??OverrideView@Hooks@@SIXPAX0PAVCViewSetup@@@Z@4HA 101da3b0     Hooks.obj
 0003:001963b4       ?ViewModel_Y_Var@?4??OverrideView@Hooks@@SIXPAX0PAVCViewSetup@@@Z@4PAVConVar@@A 101da3b4     Hooks.obj
 0003:001963b8       ?pulse@?1??DrawModelExecute@Hooks@@SIXPAX0PAVIMatRenderContext@@ABUDrawModelState_t@@ABUModelRenderInfo_t@@PAVmatrix3x4_t@@@Z@4PAVIMaterial@@A 101da3b8     Hooks.obj
 0003:001963bc       ?mat@?1??DrawModelExecute@Hooks@@SIXPAX0PAVIMatRenderContext@@ABUDrawModelState_t@@ABUModelRenderInfo_t@@PAVmatrix3x4_t@@@Z@4PAVIMaterial@@A 101da3bc     Hooks.obj
 0003:001963c0       ?old_curtime@?1??animated_tag@@YAXXZ@4MA 101da3c0     Hooks.obj
 0003:001963c4       ?$TSS2@?1??SceneEnd@Hooks@@SIXPAX0@Z@4HA 101da3c4     Hooks.obj
 0003:001963c8       ?flat@?1??DrawModelExecute@Hooks@@SIXPAX0PAVIMatRenderContext@@ABUDrawModelState_t@@ABUModelRenderInfo_t@@PAVmatrix3x4_t@@@Z@4PAVIMaterial@@A 101da3c8     Hooks.obj
 0003:001963cc       ?oPaintTraverse@?1??PaintTraverse@Hooks@@SIXPAXHI_N1@Z@4P6EX0I11@ZA 101da3cc     Hooks.obj
 0003:001963d0       ?linegoesthrusmoke@?BH@??PaintTraverse@Hooks@@SIXPAXHI_N1@Z@4KA 101da3d0     Hooks.obj
 0003:001963d4       ?$TSS1@?1??BulletImpacts@@YAXXZ@4HA 101da3d4     Hooks.obj
 0003:001963d8       ?$TSS3@?1??SceneEnd@Hooks@@SIXPAX0@Z@4HA 101da3d8     Hooks.obj
 0003:001963e0       ?$TSS3@?1??DrawModelExecute@Hooks@@SIXPAX0PAVIMatRenderContext@@ABUDrawModelState_t@@ABUModelRenderInfo_t@@PAVmatrix3x4_t@@@Z@4HA 101da3e0     Hooks.obj
 0003:001963e4       ?oLockCursor@?1??LockCursor@Hooks@@SIXPAVISurface@@PAX@Z@4P6IX01@ZA 101da3e4     Hooks.obj
 0003:001963e8       ?oDrawModelExecute@?1??DrawModelExecute@Hooks@@SIXPAX0PAVIMatRenderContext@@ABUDrawModelState_t@@ABUModelRenderInfo_t@@PAVmatrix3x4_t@@@Z@4P6EX01234@ZA 101da3e8     Hooks.obj
 0003:001963ec       ?$TSS1@?BH@??PaintTraverse@Hooks@@SIXPAXHI_N1@Z@4HA 101da3ec     Hooks.obj
 0003:001963f0       ?$TSS1@?4??OverrideView@Hooks@@SIXPAX0PAVCViewSetup@@@Z@4HA 101da3f0     Hooks.obj
 0003:001963f4       ?$TSS0@?1??DrawModelExecute@Hooks@@SIXPAX0PAVIMatRenderContext@@ABUDrawModelState_t@@ABUModelRenderInfo_t@@PAVmatrix3x4_t@@@Z@4HA 101da3f4     Hooks.obj
 0003:001963f8       ?$TSS2@?BH@??PaintTraverse@Hooks@@SIXPAXHI_N1@Z@4HA 101da3f8     Hooks.obj
 0003:001963fc       ?$TSS0@?1??animated_tag@@YAXXZ@4HA 101da3fc     Hooks.obj
 0003:00196400       ?impacttime@?1??BulletImpacts@@YAXXZ@4PAVConVar@@A 101da400     Hooks.obj
 0003:00196404       ?$TSS0@?1??BulletImpacts@@YAXXZ@4HA 101da404     Hooks.obj
 0003:00196408       ?ViewModel_Z_Var@?4??OverrideView@Hooks@@SIXPAX0PAVCViewSetup@@@Z@4PAVConVar@@A 101da408     Hooks.obj
 0003:0019640c       ?flat@?1??SceneEnd@Hooks@@SIXPAX0@Z@4PAVIMaterial@@A 101da40c     Hooks.obj
 0003:00196410       ?$TSS3@?4??OverrideView@Hooks@@SIXPAX0PAVCViewSetup@@@Z@4HA 101da410     Hooks.obj
 0003:00196414       ?$TSS4@?1??SceneEnd@Hooks@@SIXPAX0@Z@4HA 101da414     Hooks.obj
 0003:00196418       ?impacts@?1??BulletImpacts@@YAXXZ@4PAVConVar@@A 101da418     Hooks.obj
 0003:0019641c       ?flat_xqz@?1??SceneEnd@Hooks@@SIXPAX0@Z@4PAVIMaterial@@A 101da41c     Hooks.obj
 0003:00196420       ?mat@?3??SceneEnd@Hooks@@SIXPAX0@Z@4PAVIMaterial@@A 101da420     Hooks.obj
 0003:00196424       ?$TSS0@?1??OverrideView@Hooks@@SIXPAX0PAVCViewSetup@@@Z@4HA 101da424     Hooks.obj
 0003:00196428       ?$TSS0@?1??Render@Menu@@QAEXXZ@4HA 101da428     Menu.obj
 0003:0019642c       ?$TSS0@?1??ColorPicker@Menu@@AAEXV?$basic_string@DU?$char_traits@D@std@@V?$allocator@D@2@@std@@AAUColorV2@@H@Z@4HA 101da42c     Menu.obj
 0003:00196430       ?mousePos@?1??Render@Menu@@QAEXXZ@4VVector2D@@A 101da430     Menu.obj
 0003:00196438       ?name_selected@?1??ColorPicker@Menu@@AAEXV?$basic_string@DU?$char_traits@D@std@@V?$allocator@D@2@@std@@AAUColorV2@@H@Z@4V34@A 101da438     Menu.obj
 0003:00196450       ?tab_names_v2@?1??second_tabs@Menu@@AAEXV?$basic_string@DU?$char_traits@D@std@@V?$allocator@D@2@@std@@0HHHH@Z@4PAV34@A 101da450     Menu.obj
 0003:00196480       ?iScreenWidth@?1??Render@Menu@@QAEXXZ@4HA 101da480     Menu.obj
 0003:00196484       ?tab_names_v2@?1??third_tabs@Menu@@AAEXV?$basic_string@DU?$char_traits@D@std@@V?$allocator@D@2@@std@@0HHHH@Z@4PAV34@A 101da484     Menu.obj
 0003:001964b4       ?tab_names_v2@?1??visuals_tabs@Menu@@AAEXV?$basic_string@DU?$char_traits@D@std@@V?$allocator@D@2@@std@@0HHHH@Z@4PAV34@A 101da4b4     Menu.obj
 0003:001964e4       ?$TSS0@?1??third_tabs@Menu@@AAEXV?$basic_string@DU?$char_traits@D@std@@V?$allocator@D@2@@std@@0HHHH@Z@4HA 101da4e4     Menu.obj
 0003:001964e8       ?nameSelected@?1??MultiComboBox@Menu@@AAEXV?$basic_string@DU?$char_traits@D@std@@V?$allocator@D@2@@std@@V?$vector@V?$basic_string@DU?$char_traits@D@std@@V?$allocator@D@2@@std@@V?$allocator@V?$basic_string@DU?$char_traits@D@std@@V?$allocator@D@2@@std@@@2@@4@PA_N@Z@4V34@A 101da4e8     Menu.obj
 0003:00196500       ?clickRest@?1??MultiComboBox@Menu@@AAEXV?$basic_string@DU?$char_traits@D@std@@V?$allocator@D@2@@std@@V?$vector@V?$basic_string@DU?$char_traits@D@std@@V?$allocator@D@2@@std@@V?$allocator@V?$basic_string@DU?$char_traits@D@std@@V?$allocator@D@2@@std@@@2@@4@PA_N@Z@4_NA 101da500     Menu.obj
 0003:00196501       ?rest@?1??Listbox@Menu@@AAEXV?$basic_string@DU?$char_traits@D@std@@V?$allocator@D@2@@std@@V?$vector@V?$basic_string@DU?$char_traits@D@std@@V?$allocator@D@2@@std@@V?$allocator@V?$basic_string@DU?$char_traits@D@std@@V?$allocator@D@2@@std@@@2@@4@PAH@Z@4_NA 101da501     Menu.obj
 0003:00196502       ?rest@?1??ComboBox@Menu@@AAEXV?$basic_string@DU?$char_traits@D@std@@V?$allocator@D@2@@std@@V?$vector@V?$basic_string@DU?$char_traits@D@std@@V?$allocator@D@2@@std@@V?$allocator@V?$basic_string@DU?$char_traits@D@std@@V?$allocator@D@2@@std@@@2@@4@PAH@Z@4_NA 101da502     Menu.obj
 0003:00196508       ?tab_names_v2@?1??weapon_tabs@Menu@@AAEXXZ@4PAV?$basic_string@DU?$char_traits@D@std@@V?$allocator@D@2@@std@@A 101da508     Menu.obj
 0003:001965b0       ?$TSS0@?1??visuals_tabs@Menu@@AAEXV?$basic_string@DU?$char_traits@D@std@@V?$allocator@D@2@@std@@0HHHH@Z@4HA 101da5b0     Menu.obj
 0003:001965b4       ?$TSS0@?1??ComboBox@Menu@@AAEXV?$basic_string@DU?$char_traits@D@std@@V?$allocator@D@2@@std@@V?$vector@V?$basic_string@DU?$char_traits@D@std@@V?$allocator@D@2@@std@@V?$allocator@V?$basic_string@DU?$char_traits@D@std@@V?$allocator@D@2@@std@@@2@@4@PAH@Z@4HA 101da5b4     Menu.obj
 0003:001965b8       ?clickRest@?1??ColorPicker@Menu@@AAEXV?$basic_string@DU?$char_traits@D@std@@V?$allocator@D@2@@std@@AAUColorV2@@H@Z@4_NA 101da5b8     Menu.obj
 0003:001965bc       ?$TSS0@?1??weapon_tabs@Menu@@AAEXXZ@4HA 101da5bc     Menu.obj
 0003:001965c0       ?nameSelected@?1??Listbox@Menu@@AAEXV?$basic_string@DU?$char_traits@D@std@@V?$allocator@D@2@@std@@V?$vector@V?$basic_string@DU?$char_traits@D@std@@V?$allocator@D@2@@std@@V?$allocator@V?$basic_string@DU?$char_traits@D@std@@V?$allocator@D@2@@std@@@2@@4@PAH@Z@4V34@A 101da5c0     Menu.obj
 0003:001965d8       ?$TSS0@?1??Listbox@Menu@@AAEXV?$basic_string@DU?$char_traits@D@std@@V?$allocator@D@2@@std@@V?$vector@V?$basic_string@DU?$char_traits@D@std@@V?$allocator@D@2@@std@@V?$allocator@V?$basic_string@DU?$char_traits@D@std@@V?$allocator@D@2@@std@@@2@@4@PAH@Z@4HA 101da5d8     Menu.obj
 0003:001965dc       ?rest@?1??ColorPicker@Menu@@AAEXV?$basic_string@DU?$char_traits@D@std@@V?$allocator@D@2@@std@@AAUColorV2@@H@Z@4_NA 101da5dc     Menu.obj
 0003:001965dd       ?clickRest@?1??ComboBox@Menu@@AAEXV?$basic_string@DU?$char_traits@D@std@@V?$allocator@D@2@@std@@V?$vector@V?$basic_string@DU?$char_traits@D@std@@V?$allocator@D@2@@std@@V?$allocator@V?$basic_string@DU?$char_traits@D@std@@V?$allocator@D@2@@std@@@2@@4@PAH@Z@4_NA 101da5dd     Menu.obj
 0003:001965de       ?rest@?1??MultiComboBox@Menu@@AAEXV?$basic_string@DU?$char_traits@D@std@@V?$allocator@D@2@@std@@V?$vector@V?$basic_string@DU?$char_traits@D@std@@V?$allocator@D@2@@std@@V?$allocator@V?$basic_string@DU?$char_traits@D@std@@V?$allocator@D@2@@std@@@2@@4@PA_N@Z@4_NA 101da5de     Menu.obj
 0003:001965e0       ?iScreenHeight@?1??Render@Menu@@QAEXXZ@4HA 101da5e0     Menu.obj
 0003:001965e4       ?oldPos@?1??Render@Menu@@QAEXXZ@4VVector2D@@A 101da5e4     Menu.obj
 0003:001965ec       ?$TSS0@?1??MultiComboBox@Menu@@AAEXV?$basic_string@DU?$char_traits@D@std@@V?$allocator@D@2@@std@@V?$vector@V?$basic_string@DU?$char_traits@D@std@@V?$allocator@D@2@@std@@V?$allocator@V?$basic_string@DU?$char_traits@D@std@@V?$allocator@D@2@@std@@@2@@4@PA_N@Z@4HA 101da5ec     Menu.obj
 0003:001965f0       ?$TSS1@?1??Render@Menu@@QAEXXZ@4HA 101da5f0     Menu.obj
 0003:001965f8       ?path@?1??OpenCFG@@YAXXZ@4PADA 101da5f8     Menu.obj
 0003:001966fc       ?$TSS0@?1??second_tabs@Menu@@AAEXV?$basic_string@DU?$char_traits@D@std@@V?$allocator@D@2@@std@@0HHHH@Z@4HA 101da6fc     Menu.obj
 0003:00196700       ?nameSelected@?1??ComboBox@Menu@@AAEXV?$basic_string@DU?$char_traits@D@std@@V?$allocator@D@2@@std@@V?$vector@V?$basic_string@DU?$char_traits@D@std@@V?$allocator@D@2@@std@@V?$allocator@V?$basic_string@DU?$char_traits@D@std@@V?$allocator@D@2@@std@@@2@@4@PAH@Z@4V34@A 101da700     Menu.obj
 0003:00196718       ?clickRest@?1??Listbox@Menu@@AAEXV?$basic_string@DU?$char_traits@D@std@@V?$allocator@D@2@@std@@V?$vector@V?$basic_string@DU?$char_traits@D@std@@V?$allocator@D@2@@std@@V?$allocator@V?$basic_string@DU?$char_traits@D@std@@V?$allocator@D@2@@std@@@2@@4@PAH@Z@4_NA 101da718     Menu.obj
 0003:00196720       ?path@?1??Save@CConfig@@QAEXXZ@4PADA 101da720     cfgsaving.obj
 0003:00196828       ?path@?1??Load@CConfig@@QAEXXZ@4PADA 101da828     cfgsaving.obj
 0003:0019692c       ?AbsAngles@?1??SetAbsAngles@C_BaseEntity@@QAEXVVector@@@Z@4P6EXPAV2@ABV3@@ZA 101da92c     CEntity.obj
 0003:00196930       ?AbsOrigin@?1??SetAbsOrigin@C_BaseEntity@@QAEXVVector@@@Z@4P6EXPAXABV3@@ZA 101da930     CEntity.obj
 0003:00196934       ?$TSS0@?1??SetAbsOrigin@C_BaseEntity@@QAEXVVector@@@Z@4HA 101da934     CEntity.obj
 0003:00196938       ?$TSS0@?1??SetAbsAngles@C_BaseEntity@@QAEXVVector@@@Z@4HA 101da938     CEntity.obj
 0003:0019693c       ?size@?1??player_flags@ESP@@AAEXPAVC_BaseEntity@@HH@Z@4UtagRECT@@A 101da93c     ESP.obj
 0003:0019694c       ?$TSS0@?1??player_flags@ESP@@AAEXPAVC_BaseEntity@@HH@Z@4HA 101da94c     ESP.obj
 0004:00000060       $R000000                   101db060     * linker generated manifest res *

 Exports

  ordinal    name

